Archive member included to satisfy reference by file (symbol)

C:/ST/STM32CubeIDE_1.15.0/STM32CubeIDE/plugins/com.st.stm32cube.ide.mcu.externaltools.gnu-tools-for-stm32.12.3.rel1.win32_1.0.200.202406191623/tools/bin/../lib/gcc/arm-none-eabi/12.3.1/../../../../arm-none-eabi/lib/thumb/v7-m/nofp\libc_nano.a(libc_a-exit.o)
                              C:/ST/STM32CubeIDE_1.15.0/STM32CubeIDE/plugins/com.st.stm32cube.ide.mcu.externaltools.gnu-tools-for-stm32.12.3.rel1.win32_1.0.200.202406191623/tools/bin/../lib/gcc/arm-none-eabi/12.3.1/../../../../arm-none-eabi/lib/thumb/v7-m/nofp/crt0.o (exit)
C:/ST/STM32CubeIDE_1.15.0/STM32CubeIDE/plugins/com.st.stm32cube.ide.mcu.externaltools.gnu-tools-for-stm32.12.3.rel1.win32_1.0.200.202406191623/tools/bin/../lib/gcc/arm-none-eabi/12.3.1/../../../../arm-none-eabi/lib/thumb/v7-m/nofp\libc_nano.a(libc_a-nano-vfprintf_float.o)
                              (_printf_float)
C:/ST/STM32CubeIDE_1.15.0/STM32CubeIDE/plugins/com.st.stm32cube.ide.mcu.externaltools.gnu-tools-for-stm32.12.3.rel1.win32_1.0.200.202406191623/tools/bin/../lib/gcc/arm-none-eabi/12.3.1/../../../../arm-none-eabi/lib/thumb/v7-m/nofp\libc_nano.a(libc_a-nano-vfprintf_i.o)
                              C:/ST/STM32CubeIDE_1.15.0/STM32CubeIDE/plugins/com.st.stm32cube.ide.mcu.externaltools.gnu-tools-for-stm32.12.3.rel1.win32_1.0.200.202406191623/tools/bin/../lib/gcc/arm-none-eabi/12.3.1/../../../../arm-none-eabi/lib/thumb/v7-m/nofp\libc_nano.a(libc_a-nano-vfprintf_float.o) (_printf_common)
C:/ST/STM32CubeIDE_1.15.0/STM32CubeIDE/plugins/com.st.stm32cube.ide.mcu.externaltools.gnu-tools-for-stm32.12.3.rel1.win32_1.0.200.202406191623/tools/bin/../lib/gcc/arm-none-eabi/12.3.1/../../../../arm-none-eabi/lib/thumb/v7-m/nofp\libc_nano.a(libc_a-fflush.o)
                              ./Core/Src/main.o (fflush)
C:/ST/STM32CubeIDE_1.15.0/STM32CubeIDE/plugins/com.st.stm32cube.ide.mcu.externaltools.gnu-tools-for-stm32.12.3.rel1.win32_1.0.200.202406191623/tools/bin/../lib/gcc/arm-none-eabi/12.3.1/../../../../arm-none-eabi/lib/thumb/v7-m/nofp\libc_nano.a(libc_a-findfp.o)
                              C:/ST/STM32CubeIDE_1.15.0/STM32CubeIDE/plugins/com.st.stm32cube.ide.mcu.externaltools.gnu-tools-for-stm32.12.3.rel1.win32_1.0.200.202406191623/tools/bin/../lib/gcc/arm-none-eabi/12.3.1/../../../../arm-none-eabi/lib/thumb/v7-m/nofp\libc_nano.a(libc_a-fflush.o) (__sglue)
C:/ST/STM32CubeIDE_1.15.0/STM32CubeIDE/plugins/com.st.stm32cube.ide.mcu.externaltools.gnu-tools-for-stm32.12.3.rel1.win32_1.0.200.202406191623/tools/bin/../lib/gcc/arm-none-eabi/12.3.1/../../../../arm-none-eabi/lib/thumb/v7-m/nofp\libc_nano.a(libc_a-fwalk.o)
                              C:/ST/STM32CubeIDE_1.15.0/STM32CubeIDE/plugins/com.st.stm32cube.ide.mcu.externaltools.gnu-tools-for-stm32.12.3.rel1.win32_1.0.200.202406191623/tools/bin/../lib/gcc/arm-none-eabi/12.3.1/../../../../arm-none-eabi/lib/thumb/v7-m/nofp\libc_nano.a(libc_a-fflush.o) (_fwalk_sglue)
C:/ST/STM32CubeIDE_1.15.0/STM32CubeIDE/plugins/com.st.stm32cube.ide.mcu.externaltools.gnu-tools-for-stm32.12.3.rel1.win32_1.0.200.202406191623/tools/bin/../lib/gcc/arm-none-eabi/12.3.1/../../../../arm-none-eabi/lib/thumb/v7-m/nofp\libc_nano.a(libc_a-printf.o)
                              ./Core/Src/main.o (printf)
C:/ST/STM32CubeIDE_1.15.0/STM32CubeIDE/plugins/com.st.stm32cube.ide.mcu.externaltools.gnu-tools-for-stm32.12.3.rel1.win32_1.0.200.202406191623/tools/bin/../lib/gcc/arm-none-eabi/12.3.1/../../../../arm-none-eabi/lib/thumb/v7-m/nofp\libc_nano.a(libc_a-puts.o)
                              ./Core/Src/main.o (puts)
C:/ST/STM32CubeIDE_1.15.0/STM32CubeIDE/plugins/com.st.stm32cube.ide.mcu.externaltools.gnu-tools-for-stm32.12.3.rel1.win32_1.0.200.202406191623/tools/bin/../lib/gcc/arm-none-eabi/12.3.1/../../../../arm-none-eabi/lib/thumb/v7-m/nofp\libc_nano.a(libc_a-snprintf.o)
                              ./Core/Src/main.o (snprintf)
C:/ST/STM32CubeIDE_1.15.0/STM32CubeIDE/plugins/com.st.stm32cube.ide.mcu.externaltools.gnu-tools-for-stm32.12.3.rel1.win32_1.0.200.202406191623/tools/bin/../lib/gcc/arm-none-eabi/12.3.1/../../../../arm-none-eabi/lib/thumb/v7-m/nofp\libc_nano.a(libc_a-sprintf.o)
                              ./Core/Src/main.o (sprintf)
C:/ST/STM32CubeIDE_1.15.0/STM32CubeIDE/plugins/com.st.stm32cube.ide.mcu.externaltools.gnu-tools-for-stm32.12.3.rel1.win32_1.0.200.202406191623/tools/bin/../lib/gcc/arm-none-eabi/12.3.1/../../../../arm-none-eabi/lib/thumb/v7-m/nofp\libc_nano.a(libc_a-stdio.o)
                              C:/ST/STM32CubeIDE_1.15.0/STM32CubeIDE/plugins/com.st.stm32cube.ide.mcu.externaltools.gnu-tools-for-stm32.12.3.rel1.win32_1.0.200.202406191623/tools/bin/../lib/gcc/arm-none-eabi/12.3.1/../../../../arm-none-eabi/lib/thumb/v7-m/nofp\libc_nano.a(libc_a-findfp.o) (__sread)
[...]
Memory Configuration

Name             Origin             Length             Attributes
RAM              0x20000000         0x00014000         xrw
FLASH            0x08000000         0x00080000         xr
*default*        0x00000000         0xffffffff

Linker script and memory map

LOAD C:/ST/STM32CubeIDE_1.15.0/STM32CubeIDE/plugins/com.st.stm32cube.ide.mcu.externaltools.gnu-tools-for-stm32.12.3.rel1.win32_1.0.200.202406191623/tools/bin/../lib/gcc/arm-none-eabi/12.3.1/thumb/v7-m/nofp/crti.o
LOAD C:/ST/STM32CubeIDE_1.15.0/STM32CubeIDE/plugins/com.st.stm32cube.ide.mcu.externaltools.gnu-tools-for-stm32.12.3.rel1.win32_1.0.200.202406191623/tools/bin/../lib/gcc/arm-none-eabi/12.3.1/thumb/v7-m/nofp/crtbegin.o
LOAD C:/ST/STM32CubeIDE_1.15.0/STM32CubeIDE/plugins/com.st.stm32cube.ide.mcu.externaltools.gnu-tools-for-stm32.12.3.rel1.win32_1.0.200.202406191623/tools/bin/../lib/gcc/arm-none-eabi/12.3.1/../../../../arm-none-eabi/lib/thumb/v7-m/nofp/crt0.o
LOAD ./Core/Src/main.o
LOAD ./Core/Src/max7219_Yncrea2.o
LOAD ./Core/Src/stm32l1xx_hal_msp.o
LOAD ./Core/Src/stm32l1xx_it.o
LOAD ./Core/Src/stm32l1xx_nucleo_bus.o
LOAD ./Core/Src/syscalls.o
LOAD ./Core/Src/sysmem.o
LOAD ./Core/Src/system_stm32l1xx.o
LOAD ./Core/Startup/startup_stm32l152retx.o
LOAD ./Drivers/BSP/Components/hts221/hts221.o
LOAD ./Drivers/BSP/Components/hts221/hts221_reg.o
LOAD ./Drivers/BSP/Components/lis2dw12/lis2dw12.o
LOAD ./Drivers/BSP/Components/lis2dw12/lis2dw12_reg.o
LOAD ./Drivers/BSP/Components/lis2mdl/lis2mdl.o
LOAD ./Drivers/BSP/Components/lis2mdl/lis2mdl_reg.o
LOAD ./Drivers/BSP/Components/lps22hh/lps22hh.o
LOAD ./Drivers/BSP/Components/lps22hh/lps22hh_reg.o
LOAD ./Drivers/BSP/Components/lsm6dso/lsm6dso.o
LOAD ./Drivers/BSP/Components/lsm6dso/lsm6dso_reg.o
LOAD ./Drivers/BSP/Components/stts751/stts751.o
LOAD ./Drivers/BSP/Components/stts751/stts751_reg.o
LOAD ./Drivers/BSP/IKS01A3/iks01a3_env_sensors.o
LOAD ./Drivers/BSP/IKS01A3/iks01a3_env_sensors_ex.o
LOAD ./Drivers/BSP/IKS01A3/iks01a3_motion_sensors.o
LOAD ./Drivers/BSP/IKS01A3/iks01a3_motion_sensors_ex.o
LOAD ./Drivers/STM32L1xx_HAL_Driver/Src/stm32l1xx_hal.o
LOAD ./Drivers/STM32L1xx_HAL_Driver/Src/stm32l1xx_hal_adc.o
LOAD ./Drivers/STM32L1xx_HAL_Driver/Src/stm32l1xx_hal_adc_ex.o
LOAD ./Drivers/STM32L1xx_HAL_Driver/Src/stm32l1xx_hal_cortex.o
LOAD ./Drivers/STM32L1xx_HAL_Driver/Src/stm32l1xx_hal_dma.o
LOAD ./Drivers/STM32L1xx_HAL_Driver/Src/stm32l1xx_hal_exti.o
LOAD ./Drivers/STM32L1xx_HAL_Driver/Src/stm32l1xx_hal_flash.o
LOAD ./Drivers/STM32L1xx_HAL_Driver/Src/stm32l1xx_hal_flash_ex.o
LOAD ./Drivers/STM32L1xx_HAL_Driver/Src/stm32l1xx_hal_flash_ramfunc.o
LOAD ./Drivers/STM32L1xx_HAL_Driver/Src/stm32l1xx_hal_gpio.o
LOAD ./Drivers/STM32L1xx_HAL_Driver/Src/stm32l1xx_hal_i2c.o
LOAD ./Drivers/STM32L1xx_HAL_Driver/Src/stm32l1xx_hal_pwr.o
LOAD ./Drivers/STM32L1xx_HAL_Driver/Src/stm32l1xx_hal_pwr_ex.o
LOAD ./Drivers/STM32L1xx_HAL_Driver/Src/stm32l1xx_hal_rcc.o
LOAD ./Drivers/STM32L1xx_HAL_Driver/Src/stm32l1xx_hal_rcc_ex.o
LOAD ./Drivers/STM32L1xx_HAL_Driver/Src/stm32l1xx_hal_spi.o
LOAD ./Drivers/STM32L1xx_HAL_Driver/Src/stm32l1xx_hal_tim.o
LOAD ./Drivers/STM32L1xx_HAL_Driver/Src/stm32l1xx_hal_tim_ex.o
LOAD ./Drivers/STM32L1xx_HAL_Driver/Src/stm32l1xx_hal_uart.o
START GROUP
LOAD C:/ST/STM32CubeIDE_1.15.0/STM32CubeIDE/plugins/com.st.stm32cube.ide.mcu.externaltools.gnu-tools-for-stm32.12.3.rel1.win32_1.0.200.202406191623/tools/bin/../lib/gcc/arm-none-eabi/12.3.1/../../../../arm-none-eabi/lib/thumb/v7-m/nofp\libc_nano.a
LOAD C:/ST/STM32CubeIDE_1.15.0/STM32CubeIDE/plugins/com.st.stm32cube.ide.mcu.externaltools.gnu-tools-for-stm32.12.3.rel1.win32_1.0.200.202406191623/tools/bin/../lib/gcc/arm-none-eabi/12.3.1/../../../../arm-none-eabi/lib/thumb/v7-m/nofp\libm.a
END GROUP
START GROUP
LOAD C:/ST/STM32CubeIDE_1.15.0/STM32CubeIDE/plugins/com.st.stm32cube.ide.mcu.externaltools.gnu-tools-for-stm32.12.3.rel1.win32_1.0.200.202406191623/tools/bin/../lib/gcc/arm-none-eabi/12.3.1/thumb/v7-m/nofp\libgcc.a
LOAD C:/ST/STM32CubeIDE_1.15.0/STM32CubeIDE/plugins/com.st.stm32cube.ide.mcu.externaltools.gnu-tools-for-stm32.12.3.rel1.win32_1.0.200.202406191623/tools/bin/../lib/gcc/arm-none-eabi/12.3.1/../../../../arm-none-eabi/lib/thumb/v7-m/nofp\libc_nano.a
END GROUP
START GROUP
LOAD C:/ST/STM32CubeIDE_1.15.0/STM32CubeIDE/plugins/com.st.stm32cube.ide.mcu.externaltools.gnu-tools-for-stm32.12.3.rel1.win32_1.0.200.202406191623/tools/bin/../lib/gcc/arm-none-eabi/12.3.1/thumb/v7-m/nofp\libgcc.a
LOAD C:/ST/STM32CubeIDE_1.15.0/STM32CubeIDE/plugins/com.st.stm32cube.ide.mcu.externaltools.gnu-tools-for-stm32.12.3.rel1.win32_1.0.200.202406191623/tools/bin/../lib/gcc/arm-none-eabi/12.3.1/../../../../arm-none-eabi/lib/thumb/v7-m/nofp\libc_nano.a
LOAD C:/ST/STM32CubeIDE_1.15.0/STM32CubeIDE/plugins/com.st.stm32cube.ide.mcu.externaltools.gnu-tools-for-stm32.12.3.rel1.win32_1.0.200.202406191623/tools/bin/../lib/gcc/arm-none-eabi/12.3.1/../../../../arm-none-eabi/lib/thumb/v7-m/nofp\libnosys.a
END GROUP
START GROUP
LOAD C:/ST/STM32CubeIDE_1.15.0/STM32CubeIDE/plugins/com.st.stm32cube.ide.mcu.externaltools.gnu-tools-for-stm32.12.3.rel1.win32_1.0.200.202406191623/tools/bin/../lib/gcc/arm-none-eabi/12.3.1/thumb/v7-m/nofp\libgcc.a
LOAD C:/ST/STM32CubeIDE_1.15.0/STM32CubeIDE/plugins/com.st.stm32cube.ide.mcu.externaltools.gnu-tools-for-stm32.12.3.rel1.win32_1.0.200.202406191623/tools/bin/../lib/gcc/arm-none-eabi/12.3.1/../../../../arm-none-eabi/lib/thumb/v7-m/nofp\libc_nano.a
LOAD C:/ST/STM32CubeIDE_1.15.0/STM32CubeIDE/plugins/com.st.stm32cube.ide.mcu.externaltools.gnu-tools-for-stm32.12.3.rel1.win32_1.0.200.202406191623/tools/bin/../lib/gcc/arm-none-eabi/12.3.1/../../../../arm-none-eabi/lib/thumb/v7-m/nofp\libnosys.a
END GROUP
LOAD C:/ST/STM32CubeIDE_1.15.0/STM32CubeIDE/plugins/com.st.stm32cube.ide.mcu.externaltools.gnu-tools-for-stm32.12.3.rel1.win32_1.0.200.202406191623/tools/bin/../lib/gcc/arm-none-eabi/12.3.1/thumb/v7-m/nofp/crtend.o
LOAD C:/ST/STM32CubeIDE_1.15.0/STM32CubeIDE/plugins/com.st.stm32cube.ide.mcu.externaltools.gnu-tools-for-stm32.12.3.rel1.win32_1.0.200.202406191623/tools/bin/../lib/gcc/arm-none-eabi/12.3.1/thumb/v7-m/nofp/crtn.o
                0x20014000                        _estack = (ORIGIN (RAM) + LENGTH (RAM))
                0x00000200                        _Min_Heap_Size = 0x200
                0x00000400                        _Min_Stack_Size = 0x400

.isr_vector     0x08000000      0x13c
                0x08000000                        . = ALIGN (0x4)
 *(.isr_vector)
 .isr_vector    0x08000000      0x13c ./Core/Startup/startup_stm32l152retx.o
                0x08000000                g_pfnVectors
                0x0800013c                        . = ALIGN (0x4)

.text           0x08000140    0x13eac
                0x08000140                        . = ALIGN (0x4)
 *(.text)
 .text          0x08000140       0x40 C:/ST/STM32CubeIDE_1.15.0/STM32CubeIDE/plugins/com.st.stm32cube.ide.mcu.externaltools.gnu-tools-for-stm32.12.3.rel1.win32_1.0.200.202406191623/tools/bin/../lib/gcc/arm-none-eabi/12.3.1/thumb/v7-m/nofp/crtbegin.o
 .text          0x08000180       0x10 C:/ST/STM32CubeIDE_1.15.0/STM32CubeIDE/plugins/com.st.stm32cube.ide.mcu.externaltools.gnu-tools-for-stm32.12.3.rel1.win32_1.0.200.202406191623/tools/bin/../lib/gcc/arm-none-eabi/12.3.1/../../../../arm-none-eabi/lib/thumb/v7-m/nofp\libc_nano.a(libc_a-strlen.o)
                0x08000180                strlen
 .text          0x08000190      0x378 C:/ST/STM32CubeIDE_1.15.0/STM32CubeIDE/plugins/com.st.stm32cube.ide.mcu.externaltools.gnu-tools-for-stm32.12.3.rel1.win32_1.0.200.202406191623/tools/bin/../lib/gcc/arm-none-eabi/12.3.1/thumb/v7-m/nofp\libgcc.a(_arm_addsubdf3.o)
                0x08000190                __aeabi_drsub
                0x08000198                __aeabi_dsub
                0x08000198                __subdf3
                0x0800019c                __aeabi_dadd
                0x0800019c                __adddf3
                0x08000414                __floatunsidf
                0x08000414                __aeabi_ui2d
                0x08000434                __floatsidf
                0x08000434                __aeabi_i2d
                0x08000458                __aeabi_f2d
                0x08000458                __extendsfdf2
                0x0800049c                __floatundidf
                0x0800049c                __aeabi_ul2d
                0x080004ac                __floatdidf
                0x080004ac                __aeabi_l2d
 .text          0x08000508      0x424 C:/ST/STM32CubeIDE_1.15.0/STM32CubeIDE/plugins/com.st.stm32cube.ide.mcu.externaltools.gnu-tools-for-stm32.12.3.rel1.win32_1.0.200.202406191623/tools/bin/../lib/gcc/arm-none-eabi/12.3.1/thumb/v7-m/nofp\libgcc.a(_arm_muldivdf3.o)
                0x08000508                __aeabi_dmul
                0x08000508                __muldf3
                0x0800075c                __divdf3
                0x0800075c                __aeabi_ddiv
 .text          0x0800092c      0x110 C:/ST/STM32CubeIDE_1.15.0/STM32CubeIDE/plugins/com.st.stm32cube.ide.mcu.externaltools.gnu-tools-for-stm32.12.3.rel1.win32_1.0.200.202406191623/tools/bin/../lib/gcc/arm-none-eabi/12.3.1/thumb/v7-m/nofp\libgcc.a(_arm_cmpdf2.o)
                0x0800092c                __gtdf2
                0x0800092c                __gedf2
                0x08000934                __ltdf2
                0x08000934                __ledf2
                0x0800093c                __nedf2
                0x0800093c                __eqdf2
                0x0800093c                __cmpdf2
                0x080009b8                __aeabi_cdrcmple
                0x080009c8                __aeabi_cdcmpeq
                0x080009c8                __aeabi_cdcmple
                0x080009d8                __aeabi_dcmpeq
                0x080009ec                __aeabi_dcmplt
                0x08000a00                __aeabi_dcmple
                0x08000a14                __aeabi_dcmpge
                0x08000a28                __aeabi_dcmpgt
 .text          0x08000a3c       0x2c C:/ST/STM32CubeIDE_1.15.0/STM32CubeIDE/plugins/com.st.stm32cube.ide.mcu.externaltools.gnu-tools-for-stm32.12.3.rel1.win32_1.0.200.202406191623/tools/bin/../lib/gcc/arm-none-eabi/12.3.1/thumb/v7-m/nofp\libgcc.a(_arm_unorddf2.o)
                0x08000a3c                __unorddf2
                0x08000a3c                __aeabi_dcmpun
 .text          0x08000a68       0x50 C:/ST/STM32CubeIDE_1.15.0/STM32CubeIDE/plugins/com.st.stm32cube.ide.mcu.externaltools.gnu-tools-for-stm32.12.3.rel1.win32_1.0.200.202406191623/tools/bin/../lib/gcc/arm-none-eabi/12.3.1/thumb/v7-m/nofp\libgcc.a(_arm_fixdfsi.o)
                0x08000a68                __aeabi_d2iz
                0x08000a68                __fixdfsi
 .text          0x08000ab8       0xa0 C:/ST/STM32CubeIDE_1.15.0/STM32CubeIDE/plugins/com.st.stm32cube.ide.mcu.externaltools.gnu-tools-for-stm32.12.3.rel1.win32_1.0.200.202406191623/tools/bin/../lib/gcc/arm-none-eabi/12.3.1/thumb/v7-m/nofp\libgcc.a(_arm_truncdfsf2.o)
                0x08000ab8                __truncdfsf2
                0x08000ab8                __aeabi_d2f
 .text          0x08000b58      0x21c C:/ST/STM32CubeIDE_1.15.0/STM32CubeIDE/plugins/com.st.stm32cube.ide.mcu.externaltools.gnu-tools-for-stm32.12.3.rel1.win32_1.0.200.202406191623/tools/bin/../lib/gcc/arm-none-eabi/12.3.1/thumb/v7-m/nofp\libgcc.a(_arm_addsubsf3.o)
                0x08000b58                __aeabi_frsub
                0x08000b60                __subsf3
                0x08000b60                __aeabi_fsub
                0x08000b64                __aeabi_fadd
                0x08000b64                __addsf3
                0x08000cc4                __aeabi_ui2f
                0x08000cc4                __floatunsisf
                0x08000ccc                __aeabi_i2f
                0x08000ccc                __floatsisf
                0x08000ce8                __aeabi_ul2f
                0x08000ce8                __floatundisf
                0x08000cf8                __aeabi_l2f
                0x08000cf8                __floatdisf
 .text          0x08000d74      0x2a0 C:/ST/STM32CubeIDE_1.15.0/STM32CubeIDE/plugins/com.st.stm32cube.ide.mcu.externaltools.gnu-tools-for-stm32.12.3.rel1.win32_1.0.200.202406191623/tools/bin/../lib/gcc/arm-none-eabi/12.3.1/thumb/v7-m/nofp\libgcc.a(_arm_muldivsf3.o)
                0x08000d74                __mulsf3
                0x08000d74                __aeabi_fmul
                0x08000edc                __aeabi_fdiv
                0x08000edc                __divsf3
 .text          0x08001014       0xec C:/ST/STM32CubeIDE_1.15.0/STM32CubeIDE/plugins/com.st.stm32cube.ide.mcu.externaltools.gnu-tools-for-stm32.12.3.rel1.win32_1.0.200.202406191623/tools/bin/../lib/gcc/arm-none-eabi/12.3.1/thumb/v7-m/nofp\libgcc.a(_arm_cmpsf2.o)
                0x08001014                __gesf2
                0x08001014                __gtsf2
                0x0800101c                __lesf2
                0x0800101c                __ltsf2
                0x08001024                __nesf2
                0x08001024                __eqsf2
                0x08001024                __cmpsf2
                0x08001084                __aeabi_cfrcmple
                0x0800108c                __aeabi_cfcmpeq
                0x0800108c                __aeabi_cfcmple
                0x0800109c                __aeabi_fcmpeq
                0x080010b0                __aeabi_fcmplt
                0x080010c4                __aeabi_fcmple
                0x080010d8                __aeabi_fcmpge
                0x080010ec                __aeabi_fcmpgt
 .text          0x08001100       0x4c C:/ST/STM32CubeIDE_1.15.0/STM32CubeIDE/plugins/com.st.stm32cube.ide.mcu.externaltools.gnu-tools-for-stm32.12.3.rel1.win32_1.0.200.202406191623/tools/bin/../lib/gcc/arm-none-eabi/12.3.1/thumb/v7-m/nofp\libgcc.a(_arm_fixsfsi.o)
                0x08001100                __aeabi_f2iz
                0x08001100                __fixsfsi
 .text          0x0800114c       0x40 C:/ST/STM32CubeIDE_1.15.0/STM32CubeIDE/plugins/com.st.stm32cube.ide.mcu.externaltools.gnu-tools-for-stm32.12.3.rel1.win32_1.0.200.202406191623/tools/bin/../lib/gcc/arm-none-eabi/12.3.1/thumb/v7-m/nofp\libgcc.a(_arm_fixunssfsi.o)
                0x0800114c                __fixunssfsi
                0x0800114c                __aeabi_f2uiz
 .text          0x0800118c       0x30 C:/ST/STM32CubeIDE_1.15.0/STM32CubeIDE/plugins/com.st.stm32cube.ide.mcu.externaltools.gnu-tools-for-stm32.12.3.rel1.win32_1.0.200.202406191623/tools/bin/../lib/gcc/arm-none-eabi/12.3.1/thumb/v7-m/nofp\libgcc.a(_aeabi_uldivmod.o)
                0x0800118c                __aeabi_uldivmod
 .text          0x080011bc      0x2b8 C:/ST/STM32CubeIDE_1.15.0/STM32CubeIDE/plugins/com.st.stm32cube.ide.mcu.externaltools.gnu-tools-for-stm32.12.3.rel1.win32_1.0.200.202406191623/tools/bin/../lib/gcc/arm-none-eabi/12.3.1/thumb/v7-m/nofp\libgcc.a(_udivmoddi4.o)
                0x080011bc                __udivmoddi4
 .text          0x08001474        0x4 C:/ST/STM32CubeIDE_1.15.0/STM32CubeIDE/plugins/com.st.stm32cube.ide.mcu.externaltools.gnu-tools-for-stm32.12.3.rel1.win32_1.0.200.202406191623/tools/bin/../lib/gcc/arm-none-eabi/12.3.1/thumb/v7-m/nofp\libgcc.a(_dvmd_tls.o)
                0x08001474                __aeabi_idiv0
                0x08001474                __aeabi_ldiv0
 *(.text*)
 .text.TIM6_IRQ
                0x08001478       0x20 ./Core/Src/main.o
                0x08001478                TIM6_IRQ
 .text.floatToInt
                0x08001498       0xfc ./Core/Src/main.o
                0x08001498                floatToInt
 .text.Affichage_TEMP
                0x08001594       0x58 ./Core/Src/main.o
                0x08001594                Affichage_TEMP
 .text.display_temp
                0x080015ec       0x80 ./Core/Src/main.o
                0x080015ec                display_temp
 .text.adcFunction
                0x0800166c      0x24c ./Core/Src/main.o
                0x0800166c                adcFunction
 .text.buzzer   0x080018b8       0x5c ./Core/Src/main.o
                0x080018b8                buzzer
 .text.main     0x08001914      0x120 ./Core/Src/main.o
                0x08001914                main
 .text.SystemClock_Config
                0x08001a34       0x9c ./Core/Src/main.o
                0x08001a34                SystemClock_Config
 .text.MX_ADC_Init
                0x08001ad0       0xf4 ./Core/Src/main.o
 .text.MX_SPI1_Init
                0x08001bc4       0x6c ./Core/Src/main.o
 .text.MX_TIM2_Init
                0x08001c30       0x98 ./Core/Src/main.o
 .text.MX_TIM3_Init
                0x08001cc8       0xe8 ./Core/Src/main.o
 .text.MX_TIM6_Init
                0x08001db0       0x6c ./Core/Src/main.o
 .text.MX_USART2_UART_Init
                0x08001e1c       0x54 ./Core/Src/main.o
 .text.MX_GPIO_Init
                0x08001e70       0xe0 ./Core/Src/main.o
 .text.__io_putchar
                0x08001f50       0x24 ./Core/Src/main.o
                0x08001f50                __io_putchar
 .text.Error_Handler
                0x08001f74        0xc ./Core/Src/main.o
                0x08001f74                Error_Handler
 .text.SPI_CS_High
                0x08001f80       0x18 ./Core/Src/max7219_Yncrea2.o
                0x08001f80                SPI_CS_High
 .text.SPI_CS_Low
                0x08001f98       0x18 ./Core/Src/max7219_Yncrea2.o
                0x08001f98                SPI_CS_Low
 .text.MAX7219_Init
                0x08001fb0       0x2a ./Core/Src/max7219_Yncrea2.o
                0x08001fb0                MAX7219_Init
 .text.MAX7219_ShutdownStop
                0x08001fda       0x10 ./Core/Src/max7219_Yncrea2.o
                0x08001fda                MAX7219_ShutdownStop
 .text.MAX7219_DisplayTestStart
                0x08001fea       0x10 ./Core/Src/max7219_Yncrea2.o
                0x08001fea                MAX7219_DisplayTestStart
 .text.MAX7219_DisplayTestStop
                0x08001ffa       0x10 ./Core/Src/max7219_Yncrea2.o
                0x08001ffa                MAX7219_DisplayTestStop
 .text.MAX7219_SetBrightness
                0x0800200a       0x24 ./Core/Src/max7219_Yncrea2.o
                0x0800200a                MAX7219_SetBrightness
 .text.MAX7219_Clear
                0x0800202e       0x2c ./Core/Src/max7219_Yncrea2.o
                0x0800202e                MAX7219_Clear
 .text.MAX7219_DisplayChar
                0x0800205a       0x56 ./Core/Src/max7219_Yncrea2.o
                0x0800205a                MAX7219_DisplayChar
 .text.MAX7219_LookupCode
                0x080020b0       0x4c ./Core/Src/max7219_Yncrea2.o
 .text.MAX7219_Write
                0x080020fc       0x34 ./Core/Src/max7219_Yncrea2.o
 .text.MAX7219_SendByte
                0x08002130       0x24 ./Core/Src/max7219_Yncrea2.o
 .text.HAL_MspInit
                0x08002154       0x60 ./Core/Src/stm32l1xx_hal_msp.o
                0x08002154                HAL_MspInit
 .text.HAL_ADC_MspInit
                0x080021b4       0x90 ./Core/Src/stm32l1xx_hal_msp.o
                0x080021b4                HAL_ADC_MspInit
 .text.HAL_SPI_MspInit
                0x08002244       0x98 ./Core/Src/stm32l1xx_hal_msp.o
                0x08002244                HAL_SPI_MspInit
 .text.HAL_TIM_Base_MspInit
                0x080022dc       0xb8 ./Core/Src/stm32l1xx_hal_msp.o
                0x080022dc                HAL_TIM_Base_MspInit
 .text.HAL_TIM_MspPostInit
                0x08002394       0x70 ./Core/Src/stm32l1xx_hal_msp.o
                0x08002394                HAL_TIM_MspPostInit
 .text.HAL_UART_MspInit
                0x08002404       0x88 ./Core/Src/stm32l1xx_hal_msp.o
                0x08002404                HAL_UART_MspInit
 .text.NMI_Handler
                0x0800248c        0x8 ./Core/Src/stm32l1xx_it.o
                0x0800248c                NMI_Handler
 .text.HardFault_Handler
                0x08002494        0x8 ./Core/Src/stm32l1xx_it.o
                0x08002494                HardFault_Handler
 .text.MemManage_Handler
                0x0800249c        0x8 ./Core/Src/stm32l1xx_it.o
                0x0800249c                MemManage_Handler
 .text.BusFault_Handler
                0x080024a4        0x8 ./Core/Src/stm32l1xx_it.o
                0x080024a4                BusFault_Handler
 .text.UsageFault_Handler
                0x080024ac        0x8 ./Core/Src/stm32l1xx_it.o
                0x080024ac                UsageFault_Handler
 .text.SVC_Handler
                0x080024b4        0xc ./Core/Src/stm32l1xx_it.o
                0x080024b4                SVC_Handler
 .text.DebugMon_Handler
                0x080024c0        0xc ./Core/Src/stm32l1xx_it.o
                0x080024c0                DebugMon_Handler
 .text.PendSV_Handler
                0x080024cc        0xc ./Core/Src/stm32l1xx_it.o
                0x080024cc                PendSV_Handler
 .text.SysTick_Handler
                0x080024d8        0xc ./Core/Src/stm32l1xx_it.o
                0x080024d8                SysTick_Handler
 .text.ADC1_IRQHandler
                0x080024e4       0x14 ./Core/Src/stm32l1xx_it.o
                0x080024e4                ADC1_IRQHandler
 .text.TIM2_IRQHandler
                0x080024f8       0x14 ./Core/Src/stm32l1xx_it.o
                0x080024f8                TIM2_IRQHandler
 .text.TIM3_IRQHandler
                0x0800250c       0x14 ./Core/Src/stm32l1xx_it.o
                0x0800250c                TIM3_IRQHandler
 .text.I2C1_EV_IRQHandler
                0x08002520       0x14 ./Core/Src/stm32l1xx_it.o
                0x08002520                I2C1_EV_IRQHandler
 .text.I2C1_ER_IRQHandler
                0x08002534       0x14 ./Core/Src/stm32l1xx_it.o
                0x08002534                I2C1_ER_IRQHandler
 .text.SPI1_IRQHandler
                0x08002548       0x14 ./Core/Src/stm32l1xx_it.o
                0x08002548                SPI1_IRQHandler
 .text.TIM6_IRQHandler
                0x0800255c       0x18 ./Core/Src/stm32l1xx_it.o
                0x0800255c                TIM6_IRQHandler
 .text.BSP_I2C1_Init
                0x08002574       0x64 ./Core/Src/stm32l1xx_nucleo_bus.o
                0x08002574                BSP_I2C1_Init
 .text.BSP_I2C1_DeInit
                0x080025d8       0x50 ./Core/Src/stm32l1xx_nucleo_bus.o
                0x080025d8                BSP_I2C1_DeInit
 .text.BSP_I2C1_WriteReg
                0x08002628       0x64 ./Core/Src/stm32l1xx_nucleo_bus.o
                0x08002628                BSP_I2C1_WriteReg
 .text.BSP_I2C1_ReadReg
                0x0800268c       0x64 ./Core/Src/stm32l1xx_nucleo_bus.o
                0x0800268c                BSP_I2C1_ReadReg
 .text.BSP_GetTick
                0x080026f0        0xe ./Core/Src/stm32l1xx_nucleo_bus.o
                0x080026f0                BSP_GetTick
 *fill*         0x080026fe        0x2 
 .text.MX_I2C1_Init
                0x08002700       0x68 ./Core/Src/stm32l1xx_nucleo_bus.o
                0x08002700                MX_I2C1_Init
 .text.I2C1_MspInit
                0x08002768       0xac ./Core/Src/stm32l1xx_nucleo_bus.o
 .text.I2C1_MspDeInit
                0x08002814       0x44 ./Core/Src/stm32l1xx_nucleo_bus.o
 .text._getpid  0x08002858        0xe ./Core/Src/syscalls.o
                0x08002858                _getpid
 .text._kill    0x08002866       0x20 ./Core/Src/syscalls.o
                0x08002866                _kill
 .text._exit    0x08002886       0x16 ./Core/Src/syscalls.o
                0x08002886                _exit
 .text._read    0x0800289c       0x3a ./Core/Src/syscalls.o
                0x0800289c                _read
 .text._write   0x080028d6       0x38 ./Core/Src/syscalls.o
                0x080028d6                _write
 .text._close   0x0800290e       0x16 ./Core/Src/syscalls.o
                0x0800290e                _close
 .text._fstat   0x08002924       0x1e ./Core/Src/syscalls.o
                0x08002924                _fstat
 .text._isatty  0x08002942       0x14 ./Core/Src/syscalls.o
                0x08002942                _isatty
 .text._lseek   0x08002956       0x18 ./Core/Src/syscalls.o
                0x08002956                _lseek
 *fill*         0x0800296e        0x2 
 .text._sbrk    0x08002970       0x6c ./Core/Src/sysmem.o
                0x08002970                _sbrk
 .text.SystemInit
                0x080029dc        0xc ./Core/Src/system_stm32l1xx.o
                0x080029dc                SystemInit
 .text.Reset_Handler
                0x080029e8       0x48 ./Core/Startup/startup_stm32l152retx.o
                0x080029e8                Reset_Handler
 .text.Default_Handler
                0x08002a30        0x2 ./Core/Startup/startup_stm32l152retx.o
                0x08002a30                RTC_Alarm_IRQHandler
                0x08002a30                EXTI2_IRQHandler
                0x08002a30                COMP_ACQ_IRQHandler
                0x08002a30                TIM10_IRQHandler
                0x08002a30                USB_HP_IRQHandler
                0x08002a30                PVD_IRQHandler
                0x08002a30                EXTI3_IRQHandler
                0x08002a30                EXTI0_IRQHandler
                0x08002a30                I2C2_EV_IRQHandler
                0x08002a30                USB_FS_WKUP_IRQHandler
                0x08002a30                DMA2_Channel2_IRQHandler
                0x08002a30                DMA1_Channel4_IRQHandler
                0x08002a30                USART3_IRQHandler
                0x08002a30                DMA1_Channel7_IRQHandler
                0x08002a30                LCD_IRQHandler
                0x08002a30                UART5_IRQHandler
                0x08002a30                TIM4_IRQHandler
                0x08002a30                DMA2_Channel1_IRQHandler
                0x08002a30                DMA1_Channel6_IRQHandler
                0x08002a30                UART4_IRQHandler
                0x08002a30                DMA2_Channel4_IRQHandler
                0x08002a30                RCC_IRQHandler
                0x08002a30                DMA1_Channel1_IRQHandler
                0x08002a30                Default_Handler
                0x08002a30                EXTI15_10_IRQHandler
                0x08002a30                TIM7_IRQHandler
                0x08002a30                TIM5_IRQHandler
                0x08002a30                EXTI9_5_IRQHandler
                0x08002a30                TIM9_IRQHandler
                0x08002a30                TAMPER_STAMP_IRQHandler
                0x08002a30                RTC_WKUP_IRQHandler
                0x08002a30                SPI2_IRQHandler
                0x08002a30                DMA2_Channel5_IRQHandler
                0x08002a30                DMA1_Channel5_IRQHandler
                0x08002a30                USB_LP_IRQHandler
                0x08002a30                EXTI4_IRQHandler
                0x08002a30                DMA1_Channel3_IRQHandler
                0x08002a30                COMP_IRQHandler
                0x08002a30                WWDG_IRQHandler
                0x08002a30                DAC_IRQHandler
                0x08002a30                EXTI1_IRQHandler
                0x08002a30                TIM11_IRQHandler
                0x08002a30                USART2_IRQHandler
                0x08002a30                I2C2_ER_IRQHandler
                0x08002a30                DMA1_Channel2_IRQHandler
                0x08002a30                FLASH_IRQHandler
                0x08002a30                USART1_IRQHandler
                0x08002a30                SPI3_IRQHandler
                0x08002a30                DMA2_Channel3_IRQHandler
 *fill*         0x08002a32        0x2 
 .text.HTS221_RegisterBusIO
                0x08002a34       0x94 ./Drivers/BSP/Components/hts221/hts221.o
                0x08002a34                HTS221_RegisterBusIO
 .text.HTS221_Init
                0x08002ac8       0x36 ./Drivers/BSP/Components/hts221/hts221.o
                0x08002ac8                HTS221_Init
 .text.HTS221_DeInit
                0x08002afe       0x48 ./Drivers/BSP/Components/hts221/hts221.o
                0x08002afe                HTS221_DeInit
 .text.HTS221_ReadID
                0x08002b46       0x2c ./Drivers/BSP/Components/hts221/hts221.o
                0x08002b46                HTS221_ReadID
 *fill*         0x08002b72        0x2 
 .text.HTS221_GetCapabilities
                0x08002b74       0x54 ./Drivers/BSP/Components/hts221/hts221.o
                0x08002b74                HTS221_GetCapabilities
 .text.HTS221_HUM_Enable
                0x08002bc8       0x4a ./Drivers/BSP/Components/hts221/hts221.o
                0x08002bc8                HTS221_HUM_Enable
 .text.HTS221_HUM_Disable
                0x08002c12       0x4a ./Drivers/BSP/Components/hts221/hts221.o
                0x08002c12                HTS221_HUM_Disable
 .text.HTS221_HUM_GetOutputDataRate
                0x08002c5c       0x1c ./Drivers/BSP/Components/hts221/hts221.o
                0x08002c5c                HTS221_HUM_GetOutputDataRate
 .text.HTS221_HUM_SetOutputDataRate
                0x08002c78       0x1c ./Drivers/BSP/Components/hts221/hts221.o
                0x08002c78                HTS221_HUM_SetOutputDataRate
 .text.HTS221_HUM_GetHumidity
                0x08002c94      0x108 ./Drivers/BSP/Components/hts221/hts221.o
                0x08002c94                HTS221_HUM_GetHumidity
 .text.HTS221_TEMP_Enable
                0x08002d9c       0x4a ./Drivers/BSP/Components/hts221/hts221.o
                0x08002d9c                HTS221_TEMP_Enable
 .text.HTS221_TEMP_Disable
                0x08002de6       0x4a ./Drivers/BSP/Components/hts221/hts221.o
                0x08002de6                HTS221_TEMP_Disable
 .text.HTS221_TEMP_GetOutputDataRate
                0x08002e30       0x1c ./Drivers/BSP/Components/hts221/hts221.o
                0x08002e30                HTS221_TEMP_GetOutputDataRate
 .text.HTS221_TEMP_SetOutputDataRate
                0x08002e4c       0x1c ./Drivers/BSP/Components/hts221/hts221.o
                0x08002e4c                HTS221_TEMP_SetOutputDataRate
 .text.HTS221_TEMP_GetTemperature
                0x08002e68       0xce ./Drivers/BSP/Components/hts221/hts221.o
                0x08002e68                HTS221_TEMP_GetTemperature
 *fill*         0x08002f36        0x2 
 .text.HTS221_GetOutputDataRate
                0x08002f38       0x88 ./Drivers/BSP/Components/hts221/hts221.o
 .text.HTS221_SetOutputDataRate
                0x08002fc0       0x5c ./Drivers/BSP/Components/hts221/hts221.o
 .text.HTS221_Initialize
                0x0800301c       0x58 ./Drivers/BSP/Components/hts221/hts221.o
 .text.Linear_Interpolation
                0x08003074       0x88 ./Drivers/BSP/Components/hts221/hts221.o
 .text.ReadRegWrap
                0x080030fc       0x62 ./Drivers/BSP/Components/hts221/hts221.o
 .text.WriteRegWrap
                0x0800315e       0x62 ./Drivers/BSP/Components/hts221/hts221.o
 .text.hts221_read_reg
                0x080031c0       0x30 ./Drivers/BSP/Components/hts221/hts221_reg.o
                0x080031c0                hts221_read_reg
 .text.hts221_write_reg
                0x080031f0       0x30 ./Drivers/BSP/Components/hts221/hts221_reg.o
                0x080031f0                hts221_write_reg
 .text.hts221_data_rate_set
                0x08003220       0x4c ./Drivers/BSP/Components/hts221/hts221_reg.o
                0x08003220                hts221_data_rate_set
 .text.hts221_data_rate_get
                0x0800326c       0x70 ./Drivers/BSP/Components/hts221/hts221_reg.o
                0x0800326c                hts221_data_rate_get
 .text.hts221_block_data_update_set
                0x080032dc       0x4c ./Drivers/BSP/Components/hts221/hts221_reg.o
                0x080032dc                hts221_block_data_update_set
 .text.hts221_humidity_raw_get
                0x08003328       0x44 ./Drivers/BSP/Components/hts221/hts221_reg.o
                0x08003328                hts221_humidity_raw_get
 .text.hts221_temperature_raw_get
                0x0800336c       0x44 ./Drivers/BSP/Components/hts221/hts221_reg.o
                0x0800336c                hts221_temperature_raw_get
 .text.hts221_device_id_get
                0x080033b0       0x22 ./Drivers/BSP/Components/hts221/hts221_reg.o
                0x080033b0                hts221_device_id_get
 .text.hts221_power_on_set
                0x080033d2       0x4c ./Drivers/BSP/Components/hts221/hts221_reg.o
                0x080033d2                hts221_power_on_set
 .text.hts221_hum_rh_point_0_get
                0x0800341e       0x40 ./Drivers/BSP/Components/hts221/hts221_reg.o
                0x0800341e                hts221_hum_rh_point_0_get
 .text.hts221_hum_rh_point_1_get
                0x0800345e       0x40 ./Drivers/BSP/Components/hts221/hts221_reg.o
                0x0800345e                hts221_hum_rh_point_1_get
 .text.hts221_temp_deg_point_0_get
                0x0800349e       0x66 ./Drivers/BSP/Components/hts221/hts221_reg.o
                0x0800349e                hts221_temp_deg_point_0_get
 .text.hts221_temp_deg_point_1_get
                0x08003504       0x66 ./Drivers/BSP/Components/hts221/hts221_reg.o
                0x08003504                hts221_temp_deg_point_1_get
 .text.hts221_hum_adc_point_0_get
                0x0800356a       0x42 ./Drivers/BSP/Components/hts221/hts221_reg.o
                0x0800356a                hts221_hum_adc_point_0_get
 .text.hts221_hum_adc_point_1_get
                0x080035ac       0x42 ./Drivers/BSP/Components/hts221/hts221_reg.o
                0x080035ac                hts221_hum_adc_point_1_get
 .text.hts221_temp_adc_point_0_get
                0x080035ee       0x42 ./Drivers/BSP/Components/hts221/hts221_reg.o
                0x080035ee                hts221_temp_adc_point_0_get
 .text.hts221_temp_adc_point_1_get
                0x08003630       0x42 ./Drivers/BSP/Components/hts221/hts221_reg.o
                0x08003630                hts221_temp_adc_point_1_get
 *fill*         0x08003672        0x2 
 .text.LIS2DW12_RegisterBusIO
                0x08003674       0xd4 ./Drivers/BSP/Components/lis2dw12/lis2dw12.o
                0x08003674                LIS2DW12_RegisterBusIO
 .text.LIS2DW12_Init
                0x08003748       0xc4 ./Drivers/BSP/Components/lis2dw12/lis2dw12.o
                0x08003748                LIS2DW12_Init
 .text.LIS2DW12_DeInit
                0x0800380c       0x44 ./Drivers/BSP/Components/lis2dw12/lis2dw12.o
                0x0800380c                LIS2DW12_DeInit
 .text.LIS2DW12_ReadID
                0x08003850       0x2c ./Drivers/BSP/Components/lis2dw12/lis2dw12.o
                0x08003850                LIS2DW12_ReadID
 .text.LIS2DW12_GetCapabilities
                0x0800387c       0x5c ./Drivers/BSP/Components/lis2dw12/lis2dw12.o
                0x0800387c                LIS2DW12_GetCapabilities
 .text.LIS2DW12_ACC_Enable
                0x080038d8       0x4a ./Drivers/BSP/Components/lis2dw12/lis2dw12.o
                0x080038d8                LIS2DW12_ACC_Enable
 .text.LIS2DW12_ACC_Disable
                0x08003922       0x40 ./Drivers/BSP/Components/lis2dw12/lis2dw12.o
                0x08003922                LIS2DW12_ACC_Disable
 *fill*         0x08003962        0x2 
 .text.LIS2DW12_ACC_GetSensitivity
                0x08003964      0x150 ./Drivers/BSP/Components/lis2dw12/lis2dw12.o
                0x08003964                LIS2DW12_ACC_GetSensitivity
 .text.LIS2DW12_ACC_GetOutputDataRate
                0x08003ab4      0x2fc ./Drivers/BSP/Components/lis2dw12/lis2dw12.o
                0x08003ab4                LIS2DW12_ACC_GetOutputDataRate
 .text.LIS2DW12_ACC_SetOutputDataRate
                0x08003db0       0x20 ./Drivers/BSP/Components/lis2dw12/lis2dw12.o
                0x08003db0                LIS2DW12_ACC_SetOutputDataRate
 .text.LIS2DW12_ACC_SetOutputDataRate_With_Mode
                0x08003dd0       0x46 ./Drivers/BSP/Components/lis2dw12/lis2dw12.o
                0x08003dd0                LIS2DW12_ACC_SetOutputDataRate_With_Mode
 *fill*         0x08003e16        0x2 
 .text.LIS2DW12_ACC_GetFullScale
                0x08003e18       0x84 ./Drivers/BSP/Components/lis2dw12/lis2dw12.o
                0x08003e18                LIS2DW12_ACC_GetFullScale
 .text.LIS2DW12_ACC_SetFullScale
                0x08003e9c       0x50 ./Drivers/BSP/Components/lis2dw12/lis2dw12.o
                0x08003e9c                LIS2DW12_ACC_SetFullScale
 .text.LIS2DW12_ACC_GetAxesRaw
                0x08003eec      0x104 ./Drivers/BSP/Components/lis2dw12/lis2dw12.o
                0x08003eec                LIS2DW12_ACC_GetAxesRaw
 .text.LIS2DW12_ACC_GetAxes
                0x08003ff0       0xb6 ./Drivers/BSP/Components/lis2dw12/lis2dw12.o
                0x08003ff0                LIS2DW12_ACC_GetAxes
 .text.LIS2DW12_Write_Reg
                0x080040a6       0x36 ./Drivers/BSP/Components/lis2dw12/lis2dw12.o
                0x080040a6                LIS2DW12_Write_Reg
 .text.LIS2DW12_ACC_SetOutputDataRate_When_Enabled
                0x080040dc      0x204 ./Drivers/BSP/Components/lis2dw12/lis2dw12.o
 .text.LIS2DW12_ACC_SetOutputDataRate_When_Disabled
                0x080042e0       0xec ./Drivers/BSP/Components/lis2dw12/lis2dw12.o
 .text.ReadRegWrap
                0x080043cc       0x36 ./Drivers/BSP/Components/lis2dw12/lis2dw12.o
 .text.WriteRegWrap
                0x08004402       0x36 ./Drivers/BSP/Components/lis2dw12/lis2dw12.o
 .text.lis2dw12_read_reg
                0x08004438       0x30 ./Drivers/BSP/Components/lis2dw12/lis2dw12_reg.o
                0x08004438                lis2dw12_read_reg
 .text.lis2dw12_write_reg
                0x08004468       0x30 ./Drivers/BSP/Components/lis2dw12/lis2dw12_reg.o
                0x08004468                lis2dw12_write_reg
 .text.lis2dw12_power_mode_set
                0x08004498       0x9c ./Drivers/BSP/Components/lis2dw12/lis2dw12_reg.o
                0x08004498                lis2dw12_power_mode_set
 .text.lis2dw12_power_mode_get
                0x08004534      0x174 ./Drivers/BSP/Components/lis2dw12/lis2dw12_reg.o
                0x08004534                lis2dw12_power_mode_get
 .text.lis2dw12_data_rate_set
                0x080046a8       0x8a ./Drivers/BSP/Components/lis2dw12/lis2dw12_reg.o
                0x080046a8                lis2dw12_data_rate_set
 *fill*         0x08004732        0x2 
 .text.lis2dw12_data_rate_get
                0x08004734      0x194 ./Drivers/BSP/Components/lis2dw12/lis2dw12_reg.o
                0x08004734                lis2dw12_data_rate_get
 .text.lis2dw12_block_data_update_set
                0x080048c8       0x4c ./Drivers/BSP/Components/lis2dw12/lis2dw12_reg.o
                0x080048c8                lis2dw12_block_data_update_set
 .text.lis2dw12_full_scale_set
                0x08004914       0x4c ./Drivers/BSP/Components/lis2dw12/lis2dw12_reg.o
                0x08004914                lis2dw12_full_scale_set
 .text.lis2dw12_full_scale_get
                0x08004960       0x70 ./Drivers/BSP/Components/lis2dw12/lis2dw12_reg.o
                0x08004960                lis2dw12_full_scale_get
 .text.lis2dw12_acceleration_raw_get
                0x080049d0       0x90 ./Drivers/BSP/Components/lis2dw12/lis2dw12_reg.o
                0x080049d0                lis2dw12_acceleration_raw_get
 .text.lis2dw12_device_id_get
                0x08004a60       0x22 ./Drivers/BSP/Components/lis2dw12/lis2dw12_reg.o
                0x08004a60                lis2dw12_device_id_get
 .text.lis2dw12_auto_increment_set
                0x08004a82       0x4c ./Drivers/BSP/Components/lis2dw12/lis2dw12_reg.o
                0x08004a82                lis2dw12_auto_increment_set
 .text.lis2dw12_fifo_mode_set
                0x08004ace       0x4c ./Drivers/BSP/Components/lis2dw12/lis2dw12_reg.o
                0x08004ace                lis2dw12_fifo_mode_set
 *fill*         0x08004b1a        0x2 
 .text.LIS2MDL_RegisterBusIO
                0x08004b1c      0x100 ./Drivers/BSP/Components/lis2mdl/lis2mdl.o
                0x08004b1c                LIS2MDL_RegisterBusIO
 .text.LIS2MDL_Init
                0x08004c1c      0x10c ./Drivers/BSP/Components/lis2mdl/lis2mdl.o
                0x08004c1c                LIS2MDL_Init
 .text.LIS2MDL_DeInit
                0x08004d28       0x2c ./Drivers/BSP/Components/lis2mdl/lis2mdl.o
                0x08004d28                LIS2MDL_DeInit
 .text.LIS2MDL_ReadID
                0x08004d54       0x4c ./Drivers/BSP/Components/lis2mdl/lis2mdl.o
                0x08004d54                LIS2MDL_ReadID
 .text.LIS2MDL_GetCapabilities
                0x08004da0       0x5c ./Drivers/BSP/Components/lis2mdl/lis2mdl.o
                0x08004da0                LIS2MDL_GetCapabilities
 .text.LIS2MDL_MAG_Enable
                0x08004dfc       0x84 ./Drivers/BSP/Components/lis2mdl/lis2mdl.o
                0x08004dfc                LIS2MDL_MAG_Enable
 .text.LIS2MDL_MAG_Disable
                0x08004e80       0x86 ./Drivers/BSP/Components/lis2mdl/lis2mdl.o
                0x08004e80                LIS2MDL_MAG_Disable
 .text.LIS2MDL_MAG_GetSensitivity
                0x08004f06       0x1e ./Drivers/BSP/Components/lis2mdl/lis2mdl.o
                0x08004f06                LIS2MDL_MAG_GetSensitivity
 .text.LIS2MDL_MAG_GetOutputDataRate
                0x08004f24       0x8c ./Drivers/BSP/Components/lis2mdl/lis2mdl.o
                0x08004f24                LIS2MDL_MAG_GetOutputDataRate
 .text.LIS2MDL_MAG_SetOutputDataRate
                0x08004fb0       0xc0 ./Drivers/BSP/Components/lis2mdl/lis2mdl.o
                0x08004fb0                LIS2MDL_MAG_SetOutputDataRate
 .text.LIS2MDL_MAG_GetFullScale
                0x08005070       0x1c ./Drivers/BSP/Components/lis2mdl/lis2mdl.o
                0x08005070                LIS2MDL_MAG_GetFullScale
 .text.LIS2MDL_MAG_SetFullScale
                0x0800508c       0x16 ./Drivers/BSP/Components/lis2mdl/lis2mdl.o
                0x0800508c                LIS2MDL_MAG_SetFullScale
 .text.LIS2MDL_MAG_GetAxesRaw
                0x080050a2       0x48 ./Drivers/BSP/Components/lis2mdl/lis2mdl.o
                0x080050a2                LIS2MDL_MAG_GetAxesRaw
 .text.LIS2MDL_MAG_GetAxes
                0x080050ea      0x11a ./Drivers/BSP/Components/lis2mdl/lis2mdl.o
                0x080050ea                LIS2MDL_MAG_GetAxes
 .text.LIS2MDL_Write_Reg
                0x08005204       0x56 ./Drivers/BSP/Components/lis2mdl/lis2mdl.o
                0x08005204                LIS2MDL_Write_Reg
 .text.ReadMagRegWrap
                0x0800525a       0x82 ./Drivers/BSP/Components/lis2mdl/lis2mdl.o
 .text.WriteMagRegWrap
                0x080052dc       0x82 ./Drivers/BSP/Components/lis2mdl/lis2mdl.o
 .text.LSM6DSOX_SENSORHUB_LIS2MDL_ReadShData
                0x0800535e      0x27e ./Drivers/BSP/Components/lis2mdl/lis2mdl.o
 .text.LSM6DSOX_SENSORHUB_LIS2MDL_WriteShData
                0x080055dc      0x23c ./Drivers/BSP/Components/lis2mdl/lis2mdl.o
 .text.lis2mdl_read_reg
                0x08005818       0x30 ./Drivers/BSP/Components/lis2mdl/lis2mdl_reg.o
                0x08005818                lis2mdl_read_reg
 .text.lis2mdl_write_reg
                0x08005848       0x30 ./Drivers/BSP/Components/lis2mdl/lis2mdl_reg.o
                0x08005848                lis2mdl_write_reg
 .text.lis2mdl_operating_mode_set
                0x08005878       0x4c ./Drivers/BSP/Components/lis2mdl/lis2mdl_reg.o
                0x08005878                lis2mdl_operating_mode_set
 .text.lis2mdl_data_rate_set
                0x080058c4       0x4c ./Drivers/BSP/Components/lis2mdl/lis2mdl_reg.o
                0x080058c4                lis2mdl_data_rate_set
 .text.lis2mdl_data_rate_get
                0x08005910       0x70 ./Drivers/BSP/Components/lis2mdl/lis2mdl_reg.o
                0x08005910                lis2mdl_data_rate_get
 .text.lis2mdl_block_data_update_set
                0x08005980       0x4c ./Drivers/BSP/Components/lis2mdl/lis2mdl_reg.o
                0x08005980                lis2mdl_block_data_update_set
 .text.lis2mdl_magnetic_raw_get
                0x080059cc       0x90 ./Drivers/BSP/Components/lis2mdl/lis2mdl_reg.o
                0x080059cc                lis2mdl_magnetic_raw_get
 .text.lis2mdl_device_id_get
                0x08005a5c       0x22 ./Drivers/BSP/Components/lis2mdl/lis2mdl_reg.o
                0x08005a5c                lis2mdl_device_id_get
 .text.lis2mdl_self_test_set
                0x08005a7e       0x4c ./Drivers/BSP/Components/lis2mdl/lis2mdl_reg.o
                0x08005a7e                lis2mdl_self_test_set
 .text.lis2mdl_i2c_interface_set
                0x08005aca       0x4c ./Drivers/BSP/Components/lis2mdl/lis2mdl_reg.o
                0x08005aca                lis2mdl_i2c_interface_set
 *fill*         0x08005b16        0x2 
 .text.LPS22HH_RegisterBusIO
                0x08005b18       0xd4 ./Drivers/BSP/Components/lps22hh/lps22hh.o
                0x08005b18                LPS22HH_RegisterBusIO
 .text.LPS22HH_Init
                0x08005bec       0x36 ./Drivers/BSP/Components/lps22hh/lps22hh.o
                0x08005bec                LPS22HH_Init
 .text.LPS22HH_DeInit
                0x08005c22       0x48 ./Drivers/BSP/Components/lps22hh/lps22hh.o
                0x08005c22                LPS22HH_DeInit
 .text.LPS22HH_ReadID
                0x08005c6a       0x2c ./Drivers/BSP/Components/lps22hh/lps22hh.o
                0x08005c6a                LPS22HH_ReadID
 *fill*         0x08005c96        0x2 
 .text.LPS22HH_GetCapabilities
                0x08005c98       0x54 ./Drivers/BSP/Components/lps22hh/lps22hh.o
                0x08005c98                LPS22HH_GetCapabilities
 .text.LPS22HH_PRESS_Enable
                0x08005cec       0x48 ./Drivers/BSP/Components/lps22hh/lps22hh.o
                0x08005cec                LPS22HH_PRESS_Enable
 .text.LPS22HH_PRESS_Disable
                0x08005d34       0x68 ./Drivers/BSP/Components/lps22hh/lps22hh.o
                0x08005d34                LPS22HH_PRESS_Disable
 .text.LPS22HH_PRESS_GetOutputDataRate
                0x08005d9c       0x1c ./Drivers/BSP/Components/lps22hh/lps22hh.o
                0x08005d9c                LPS22HH_PRESS_GetOutputDataRate
 .text.LPS22HH_PRESS_SetOutputDataRate
                0x08005db8       0x32 ./Drivers/BSP/Components/lps22hh/lps22hh.o
                0x08005db8                LPS22HH_PRESS_SetOutputDataRate
 .text.LPS22HH_PRESS_GetPressure
                0x08005dea       0x4c ./Drivers/BSP/Components/lps22hh/lps22hh.o
                0x08005dea                LPS22HH_PRESS_GetPressure
 .text.LPS22HH_TEMP_Enable
                0x08005e36       0x48 ./Drivers/BSP/Components/lps22hh/lps22hh.o
                0x08005e36                LPS22HH_TEMP_Enable
 .text.LPS22HH_TEMP_Disable
                0x08005e7e       0x68 ./Drivers/BSP/Components/lps22hh/lps22hh.o
                0x08005e7e                LPS22HH_TEMP_Disable
 .text.LPS22HH_TEMP_GetOutputDataRate
                0x08005ee6       0x1c ./Drivers/BSP/Components/lps22hh/lps22hh.o
                0x08005ee6                LPS22HH_TEMP_GetOutputDataRate
 .text.LPS22HH_TEMP_SetOutputDataRate
                0x08005f02       0x32 ./Drivers/BSP/Components/lps22hh/lps22hh.o
                0x08005f02                LPS22HH_TEMP_SetOutputDataRate
 .text.LPS22HH_TEMP_GetTemperature
                0x08005f34       0x4e ./Drivers/BSP/Components/lps22hh/lps22hh.o
                0x08005f34                LPS22HH_TEMP_GetTemperature
 .text.LPS22HH_Write_Reg
                0x08005f82       0x36 ./Drivers/BSP/Components/lps22hh/lps22hh.o
                0x08005f82                LPS22HH_Write_Reg
 .text.LPS22HH_GetOutputDataRate
                0x08005fb8       0xc8 ./Drivers/BSP/Components/lps22hh/lps22hh.o
 .text.LPS22HH_SetOutputDataRate_When_Enabled
                0x08006080       0xd4 ./Drivers/BSP/Components/lps22hh/lps22hh.o
 .text.LPS22HH_SetOutputDataRate_When_Disabled
                0x08006154       0xa0 ./Drivers/BSP/Components/lps22hh/lps22hh.o
 .text.LPS22HH_Initialize
                0x080061f4       0x9a ./Drivers/BSP/Components/lps22hh/lps22hh.o
 .text.ReadRegWrap
                0x0800628e       0x36 ./Drivers/BSP/Components/lps22hh/lps22hh.o
 .text.WriteRegWrap
                0x080062c4       0x36 ./Drivers/BSP/Components/lps22hh/lps22hh.o
 .text.lps22hh_read_reg
                0x080062fa       0x30 ./Drivers/BSP/Components/lps22hh/lps22hh_reg.o
                0x080062fa                lps22hh_read_reg
 .text.lps22hh_write_reg
                0x0800632a       0x30 ./Drivers/BSP/Components/lps22hh/lps22hh_reg.o
                0x0800632a                lps22hh_write_reg
 .text.lps22hh_from_lsb_to_hpa
                0x0800635a       0x24 ./Drivers/BSP/Components/lps22hh/lps22hh_reg.o
                0x0800635a                lps22hh_from_lsb_to_hpa
 *fill*         0x0800637e        0x2 
 .text.lps22hh_from_lsb_to_celsius
                0x08006380       0x2c ./Drivers/BSP/Components/lps22hh/lps22hh_reg.o
                0x08006380                lps22hh_from_lsb_to_celsius
 .text.lps22hh_block_data_update_set
                0x080063ac       0x4c ./Drivers/BSP/Components/lps22hh/lps22hh_reg.o
                0x080063ac                lps22hh_block_data_update_set
 .text.lps22hh_data_rate_set
                0x080063f8       0x9c ./Drivers/BSP/Components/lps22hh/lps22hh_reg.o
                0x080063f8                lps22hh_data_rate_set
 .text.lps22hh_data_rate_get
                0x08006494      0x150 ./Drivers/BSP/Components/lps22hh/lps22hh_reg.o
                0x08006494                lps22hh_data_rate_get
 .text.lps22hh_pressure_raw_get
                0x080065e4       0x52 ./Drivers/BSP/Components/lps22hh/lps22hh_reg.o
                0x080065e4                lps22hh_pressure_raw_get
 .text.lps22hh_temperature_raw_get
                0x08006636       0x44 ./Drivers/BSP/Components/lps22hh/lps22hh_reg.o
                0x08006636                lps22hh_temperature_raw_get
 .text.lps22hh_device_id_get
                0x0800667a       0x22 ./Drivers/BSP/Components/lps22hh/lps22hh_reg.o
                0x0800667a                lps22hh_device_id_get
 .text.lps22hh_auto_increment_set
                0x0800669c       0x4c ./Drivers/BSP/Components/lps22hh/lps22hh_reg.o
                0x0800669c                lps22hh_auto_increment_set
 .text.lps22hh_lp_bandwidth_set
                0x080066e8       0x4c ./Drivers/BSP/Components/lps22hh/lps22hh_reg.o
                0x080066e8                lps22hh_lp_bandwidth_set
 .text.lps22hh_i3c_interface_set
                0x08006734       0x5e ./Drivers/BSP/Components/lps22hh/lps22hh_reg.o
                0x08006734                lps22hh_i3c_interface_set
 *fill*         0x08006792        0x2 
 .text.LSM6DSO_RegisterBusIO
                0x08006794       0xd4 ./Drivers/BSP/Components/lsm6dso/lsm6dso.o
                0x08006794                LSM6DSO_RegisterBusIO
 .text.LSM6DSO_Init
                0x08006868       0xf2 ./Drivers/BSP/Components/lsm6dso/lsm6dso.o
                0x08006868                LSM6DSO_Init
 .text.LSM6DSO_DeInit
                0x0800695a       0x4e ./Drivers/BSP/Components/lsm6dso/lsm6dso.o
                0x0800695a                LSM6DSO_DeInit
 .text.LSM6DSO_ReadID
                0x080069a8       0x2c ./Drivers/BSP/Components/lsm6dso/lsm6dso.o
                0x080069a8                LSM6DSO_ReadID
 .text.LSM6DSO_GetCapabilities
                0x080069d4       0x5c ./Drivers/BSP/Components/lsm6dso/lsm6dso.o
                0x080069d4                LSM6DSO_GetCapabilities
 .text.LSM6DSO_ACC_Enable
                0x08006a30       0x48 ./Drivers/BSP/Components/lsm6dso/lsm6dso.o
                0x08006a30                LSM6DSO_ACC_Enable
 .text.LSM6DSO_ACC_Disable
                0x08006a78       0x5e ./Drivers/BSP/Components/lsm6dso/lsm6dso.o
                0x08006a78                LSM6DSO_ACC_Disable
 *fill*         0x08006ad6        0x2 
 .text.LSM6DSO_ACC_GetSensitivity
                0x08006ad8       0x8c ./Drivers/BSP/Components/lsm6dso/lsm6dso.o
                0x08006ad8                LSM6DSO_ACC_GetSensitivity
 .text.LSM6DSO_ACC_GetOutputDataRate
                0x08006b64      0x108 ./Drivers/BSP/Components/lsm6dso/lsm6dso.o
                0x08006b64                LSM6DSO_ACC_GetOutputDataRate
 .text.LSM6DSO_ACC_SetOutputDataRate
                0x08006c6c       0x1e ./Drivers/BSP/Components/lsm6dso/lsm6dso.o
                0x08006c6c                LSM6DSO_ACC_SetOutputDataRate
 *fill*         0x08006c8a        0x2 
 .text.LSM6DSO_ACC_SetOutputDataRate_With_Mode
                0x08006c8c      0x328 ./Drivers/BSP/Components/lsm6dso/lsm6dso.o
                0x08006c8c                LSM6DSO_ACC_SetOutputDataRate_With_Mode
 .text.LSM6DSO_ACC_GetFullScale
                0x08006fb4       0x7c ./Drivers/BSP/Components/lsm6dso/lsm6dso.o
                0x08006fb4                LSM6DSO_ACC_GetFullScale
 .text.LSM6DSO_ACC_SetFullScale
                0x08007030       0x50 ./Drivers/BSP/Components/lsm6dso/lsm6dso.o
                0x08007030                LSM6DSO_ACC_SetFullScale
 .text.LSM6DSO_ACC_GetAxesRaw
                0x08007080       0x48 ./Drivers/BSP/Components/lsm6dso/lsm6dso.o
                0x08007080                LSM6DSO_ACC_GetAxesRaw
 .text.LSM6DSO_ACC_GetAxes
                0x080070c8       0xba ./Drivers/BSP/Components/lsm6dso/lsm6dso.o
                0x080070c8                LSM6DSO_ACC_GetAxes
 .text.LSM6DSO_GYRO_Enable
                0x08007182       0x48 ./Drivers/BSP/Components/lsm6dso/lsm6dso.o
                0x08007182                LSM6DSO_GYRO_Enable
 .text.LSM6DSO_GYRO_Disable
                0x080071ca       0x5e ./Drivers/BSP/Components/lsm6dso/lsm6dso.o
                0x080071ca                LSM6DSO_GYRO_Disable
 .text.LSM6DSO_GYRO_GetSensitivity
                0x08007228       0xa4 ./Drivers/BSP/Components/lsm6dso/lsm6dso.o
                0x08007228                LSM6DSO_GYRO_GetSensitivity
 .text.LSM6DSO_GYRO_GetOutputDataRate
                0x080072cc       0xf8 ./Drivers/BSP/Components/lsm6dso/lsm6dso.o
                0x080072cc                LSM6DSO_GYRO_GetOutputDataRate
 .text.LSM6DSO_GYRO_SetOutputDataRate
                0x080073c4       0x1e ./Drivers/BSP/Components/lsm6dso/lsm6dso.o
                0x080073c4                LSM6DSO_GYRO_SetOutputDataRate
 *fill*         0x080073e2        0x2 
 .text.LSM6DSO_GYRO_SetOutputDataRate_With_Mode
                0x080073e4      0x120 ./Drivers/BSP/Components/lsm6dso/lsm6dso.o
                0x080073e4                LSM6DSO_GYRO_SetOutputDataRate_With_Mode
 .text.LSM6DSO_GYRO_GetFullScale
                0x08007504       0x94 ./Drivers/BSP/Components/lsm6dso/lsm6dso.o
                0x08007504                LSM6DSO_GYRO_GetFullScale
 .text.LSM6DSO_GYRO_SetFullScale
                0x08007598       0x5e ./Drivers/BSP/Components/lsm6dso/lsm6dso.o
                0x08007598                LSM6DSO_GYRO_SetFullScale
 .text.LSM6DSO_GYRO_GetAxesRaw
                0x080075f6       0x48 ./Drivers/BSP/Components/lsm6dso/lsm6dso.o
                0x080075f6                LSM6DSO_GYRO_GetAxesRaw
 .text.LSM6DSO_GYRO_GetAxes
                0x0800763e       0xb4 ./Drivers/BSP/Components/lsm6dso/lsm6dso.o
                0x0800763e                LSM6DSO_GYRO_GetAxes
 .text.LSM6DSO_Write_Reg
                0x080076f2       0x36 ./Drivers/BSP/Components/lsm6dso/lsm6dso.o
                0x080076f2                LSM6DSO_Write_Reg
 .text.LSM6DSO_ACC_SetOutputDataRate_When_Enabled
                0x08007728      0x110 ./Drivers/BSP/Components/lsm6dso/lsm6dso.o
 .text.LSM6DSO_ACC_SetOutputDataRate_When_Disabled
                0x08007838       0xf8 ./Drivers/BSP/Components/lsm6dso/lsm6dso.o
 .text.LSM6DSO_GYRO_SetOutputDataRate_When_Enabled
                0x08007930       0xf8 ./Drivers/BSP/Components/lsm6dso/lsm6dso.o
 .text.LSM6DSO_GYRO_SetOutputDataRate_When_Disabled
                0x08007a28       0xe4 ./Drivers/BSP/Components/lsm6dso/lsm6dso.o
 .text.ReadRegWrap
                0x08007b0c       0x36 ./Drivers/BSP/Components/lsm6dso/lsm6dso.o
 .text.WriteRegWrap
                0x08007b42       0x36 ./Drivers/BSP/Components/lsm6dso/lsm6dso.o
 .text.lsm6dso_read_reg
                0x08007b78       0x30 ./Drivers/BSP/Components/lsm6dso/lsm6dso_reg.o
                0x08007b78                lsm6dso_read_reg
 .text.lsm6dso_write_reg
                0x08007ba8       0x30 ./Drivers/BSP/Components/lsm6dso/lsm6dso_reg.o
                0x08007ba8                lsm6dso_write_reg
 .text.lsm6dso_xl_full_scale_set
                0x08007bd8       0x4c ./Drivers/BSP/Components/lsm6dso/lsm6dso_reg.o
                0x08007bd8                lsm6dso_xl_full_scale_set
 .text.lsm6dso_xl_full_scale_get
                0x08007c24       0x70 ./Drivers/BSP/Components/lsm6dso/lsm6dso_reg.o
                0x08007c24                lsm6dso_xl_full_scale_get
 .text.lsm6dso_xl_data_rate_set
                0x08007c94      0x1f4 ./Drivers/BSP/Components/lsm6dso/lsm6dso_reg.o
                0x08007c94                lsm6dso_xl_data_rate_set
 .text.lsm6dso_xl_data_rate_get
                0x08007e88       0xd0 ./Drivers/BSP/Components/lsm6dso/lsm6dso_reg.o
                0x08007e88                lsm6dso_xl_data_rate_get
 .text.lsm6dso_gy_full_scale_set
                0x08007f58       0x4c ./Drivers/BSP/Components/lsm6dso/lsm6dso_reg.o
                0x08007f58                lsm6dso_gy_full_scale_set
 .text.lsm6dso_gy_full_scale_get
                0x08007fa4       0x84 ./Drivers/BSP/Components/lsm6dso/lsm6dso_reg.o
                0x08007fa4                lsm6dso_gy_full_scale_get
 .text.lsm6dso_gy_data_rate_set
                0x08008028      0x1f4 ./Drivers/BSP/Components/lsm6dso/lsm6dso_reg.o
                0x08008028                lsm6dso_gy_data_rate_set
 .text.lsm6dso_gy_data_rate_get
                0x0800821c       0xc4 ./Drivers/BSP/Components/lsm6dso/lsm6dso_reg.o
                0x0800821c                lsm6dso_gy_data_rate_get
 .text.lsm6dso_block_data_update_set
                0x080082e0       0x4c ./Drivers/BSP/Components/lsm6dso/lsm6dso_reg.o
                0x080082e0                lsm6dso_block_data_update_set
 .text.lsm6dso_angular_rate_raw_get
                0x0800832c       0x90 ./Drivers/BSP/Components/lsm6dso/lsm6dso_reg.o
                0x0800832c                lsm6dso_angular_rate_raw_get
 .text.lsm6dso_acceleration_raw_get
                0x080083bc       0x90 ./Drivers/BSP/Components/lsm6dso/lsm6dso_reg.o
                0x080083bc                lsm6dso_acceleration_raw_get
 .text.lsm6dso_mem_bank_set
                0x0800844c       0x3a ./Drivers/BSP/Components/lsm6dso/lsm6dso_reg.o
                0x0800844c                lsm6dso_mem_bank_set
 .text.lsm6dso_device_id_get
                0x08008486       0x22 ./Drivers/BSP/Components/lsm6dso/lsm6dso_reg.o
                0x08008486                lsm6dso_device_id_get
 .text.lsm6dso_auto_increment_set
                0x080084a8       0x4c ./Drivers/BSP/Components/lsm6dso/lsm6dso_reg.o
                0x080084a8                lsm6dso_auto_increment_set
 .text.lsm6dso_i3c_disable_set
                0x080084f4       0x90 ./Drivers/BSP/Components/lsm6dso/lsm6dso_reg.o
                0x080084f4                lsm6dso_i3c_disable_set
 .text.lsm6dso_fifo_mode_set
                0x08008584       0x4c ./Drivers/BSP/Components/lsm6dso/lsm6dso_reg.o
                0x08008584                lsm6dso_fifo_mode_set
 .text.lsm6dso_fsm_enable_get
                0x080085d0       0x42 ./Drivers/BSP/Components/lsm6dso/lsm6dso_reg.o
                0x080085d0                lsm6dso_fsm_enable_get
 *fill*         0x08008612        0x2 
 .text.lsm6dso_fsm_data_rate_get
                0x08008614       0x9c ./Drivers/BSP/Components/lsm6dso/lsm6dso_reg.o
                0x08008614                lsm6dso_fsm_data_rate_get
 .text.STTS751_RegisterBusIO
                0x080086b0       0x94 ./Drivers/BSP/Components/stts751/stts751.o
                0x080086b0                STTS751_RegisterBusIO
 .text.STTS751_Init
                0x08008744       0x74 ./Drivers/BSP/Components/stts751/stts751.o
                0x08008744                STTS751_Init
 .text.STTS751_DeInit
                0x080087b8       0x36 ./Drivers/BSP/Components/stts751/stts751.o
                0x080087b8                STTS751_DeInit
 .text.STTS751_ReadID
                0x080087ee       0x36 ./Drivers/BSP/Components/stts751/stts751.o
                0x080087ee                STTS751_ReadID
 .text.STTS751_GetCapabilities
                0x08008824       0x54 ./Drivers/BSP/Components/stts751/stts751.o
                0x08008824                STTS751_GetCapabilities
 .text.STTS751_TEMP_Enable
                0x08008878       0x40 ./Drivers/BSP/Components/stts751/stts751.o
                0x08008878                STTS751_TEMP_Enable
 .text.STTS751_TEMP_Disable
                0x080088b8       0x58 ./Drivers/BSP/Components/stts751/stts751.o
                0x080088b8                STTS751_TEMP_Disable
 .text.STTS751_TEMP_GetOutputDataRate
                0x08008910       0xf4 ./Drivers/BSP/Components/stts751/stts751.o
                0x08008910                STTS751_TEMP_GetOutputDataRate
 .text.STTS751_TEMP_SetOutputDataRate
                0x08008a04      0x164 ./Drivers/BSP/Components/stts751/stts751.o
                0x08008a04                STTS751_TEMP_SetOutputDataRate
 .text.STTS751_TEMP_GetTemperature
                0x08008b68       0x40 ./Drivers/BSP/Components/stts751/stts751.o
                0x08008b68                STTS751_TEMP_GetTemperature
 .text.ReadRegWrap
                0x08008ba8       0x6e ./Drivers/BSP/Components/stts751/stts751.o
 .text.WriteRegWrap
                0x08008c16       0x6e ./Drivers/BSP/Components/stts751/stts751.o
 .text.stts751_read_reg
                0x08008c84       0x30 ./Drivers/BSP/Components/stts751/stts751_reg.o
                0x08008c84                stts751_read_reg
 .text.stts751_write_reg
                0x08008cb4       0x30 ./Drivers/BSP/Components/stts751/stts751_reg.o
                0x08008cb4                stts751_write_reg
 .text.stts751_from_lsb_to_celsius
                0x08008ce4       0x2a ./Drivers/BSP/Components/stts751/stts751_reg.o
                0x08008ce4                stts751_from_lsb_to_celsius
 .text.stts751_temp_data_rate_set
                0x08008d0e       0xac ./Drivers/BSP/Components/stts751/stts751_reg.o
                0x08008d0e                stts751_temp_data_rate_set
 *fill*         0x08008dba        0x2 
 .text.stts751_temp_data_rate_get
                0x08008dbc      0x100 ./Drivers/BSP/Components/stts751/stts751_reg.o
                0x08008dbc                stts751_temp_data_rate_get
 .text.stts751_resolution_set
                0x08008ebc       0x4c ./Drivers/BSP/Components/stts751/stts751_reg.o
                0x08008ebc                stts751_resolution_set
 .text.stts751_resolution_get
                0x08008f08       0x70 ./Drivers/BSP/Components/stts751/stts751_reg.o
                0x08008f08                stts751_resolution_get
 .text.stts751_temperature_raw_get
                0x08008f78       0x5c ./Drivers/BSP/Components/stts751/stts751_reg.o
                0x08008f78                stts751_temperature_raw_get
 .text.stts751_pin_event_route_set
                0x08008fd4       0x4c ./Drivers/BSP/Components/stts751/stts751_reg.o
                0x08008fd4                stts751_pin_event_route_set
 .text.stts751_device_id_get
                0x08009020       0x4e ./Drivers/BSP/Components/stts751/stts751_reg.o
                0x08009020                stts751_device_id_get
 *fill*         0x0800906e        0x2 
 .text.IKS01A3_ENV_SENSOR_Init
                0x08009070      0x21c ./Drivers/BSP/IKS01A3/iks01a3_env_sensors.o
                0x08009070                IKS01A3_ENV_SENSOR_Init
 .text.IKS01A3_ENV_SENSOR_GetValue
                0x0800928c       0x84 ./Drivers/BSP/IKS01A3/iks01a3_env_sensors.o
                0x0800928c                IKS01A3_ENV_SENSOR_GetValue
 .text.HTS221_0_Probe
                0x08009310      0x194 ./Drivers/BSP/IKS01A3/iks01a3_env_sensors.o
 .text.LPS22HH_0_Probe
                0x080094a4      0x198 ./Drivers/BSP/IKS01A3/iks01a3_env_sensors.o
 .text.STTS751_0_Probe
                0x0800963c      0x164 ./Drivers/BSP/IKS01A3/iks01a3_env_sensors.o
 .text.IKS01A3_MOTION_SENSOR_Init
                0x080097a0      0x1f8 ./Drivers/BSP/IKS01A3/iks01a3_motion_sensors.o
                0x080097a0                IKS01A3_MOTION_SENSOR_Init
 .text.IKS01A3_MOTION_SENSOR_GetAxes
                0x08009998       0x88 ./Drivers/BSP/IKS01A3/iks01a3_motion_sensors.o
                0x08009998                IKS01A3_MOTION_SENSOR_GetAxes
 .text.LSM6DSO_0_Probe
                0x08009a20      0x180 ./Drivers/BSP/IKS01A3/iks01a3_motion_sensors.o
 .text.LIS2DW12_0_Probe
                0x08009ba0      0x150 ./Drivers/BSP/IKS01A3/iks01a3_motion_sensors.o
 .text.LIS2MDL_0_Probe
                0x08009cf0      0x150 ./Drivers/BSP/IKS01A3/iks01a3_motion_sensors.o
 .text.HAL_Init
                0x08009e40       0x30 ./Drivers/STM32L1xx_HAL_Driver/Src/stm32l1xx_hal.o
                0x08009e40                HAL_Init
 .text.HAL_InitTick
                0x08009e70       0x74 ./Drivers/STM32L1xx_HAL_Driver/Src/stm32l1xx_hal.o
                0x08009e70                HAL_InitTick
 .text.HAL_IncTick
                0x08009ee4       0x24 ./Drivers/STM32L1xx_HAL_Driver/Src/stm32l1xx_hal.o
                0x08009ee4                HAL_IncTick
 .text.HAL_GetTick
                0x08009f08       0x14 ./Drivers/STM32L1xx_HAL_Driver/Src/stm32l1xx_hal.o
                0x08009f08                HAL_GetTick
 .text.HAL_Delay
                0x08009f1c       0x44 ./Drivers/STM32L1xx_HAL_Driver/Src/stm32l1xx_hal.o
                0x08009f1c                HAL_Delay
 .text.HAL_ADC_Init
                0x08009f60      0x28c ./Drivers/STM32L1xx_HAL_Driver/Src/stm32l1xx_hal_adc.o
                0x08009f60                HAL_ADC_Init
 .text.HAL_ADC_Start
                0x0800a1ec       0xc0 ./Drivers/STM32L1xx_HAL_Driver/Src/stm32l1xx_hal_adc.o
                0x0800a1ec                HAL_ADC_Start
 .text.HAL_ADC_Stop
                0x0800a2ac       0x58 ./Drivers/STM32L1xx_HAL_Driver/Src/stm32l1xx_hal_adc.o
                0x0800a2ac                HAL_ADC_Stop
 .text.HAL_ADC_PollForConversion
                0x0800a304      0x120 ./Drivers/STM32L1xx_HAL_Driver/Src/stm32l1xx_hal_adc.o
                0x0800a304                HAL_ADC_PollForConversion
 .text.HAL_ADC_GetValue
                0x0800a424       0x18 ./Drivers/STM32L1xx_HAL_Driver/Src/stm32l1xx_hal_adc.o
                0x0800a424                HAL_ADC_GetValue
 .text.HAL_ADC_IRQHandler
                0x0800a43c      0x1ee ./Drivers/STM32L1xx_HAL_Driver/Src/stm32l1xx_hal_adc.o
                0x0800a43c                HAL_ADC_IRQHandler
 .text.HAL_ADC_ConvCpltCallback
                0x0800a62a       0x12 ./Drivers/STM32L1xx_HAL_Driver/Src/stm32l1xx_hal_adc.o
                0x0800a62a                HAL_ADC_ConvCpltCallback
 .text.HAL_ADC_LevelOutOfWindowCallback
                0x0800a63c       0x12 ./Drivers/STM32L1xx_HAL_Driver/Src/stm32l1xx_hal_adc.o
                0x0800a63c                HAL_ADC_LevelOutOfWindowCallback
 .text.HAL_ADC_ErrorCallback
                0x0800a64e       0x12 ./Drivers/STM32L1xx_HAL_Driver/Src/stm32l1xx_hal_adc.o
                0x0800a64e                HAL_ADC_ErrorCallback
 .text.HAL_ADC_ConfigChannel
                0x0800a660      0x2d8 ./Drivers/STM32L1xx_HAL_Driver/Src/stm32l1xx_hal_adc.o
                0x0800a660                HAL_ADC_ConfigChannel
 .text.HAL_ADC_AnalogWDGConfig
                0x0800a938       0xb8 ./Drivers/STM32L1xx_HAL_Driver/Src/stm32l1xx_hal_adc.o
                0x0800a938                HAL_ADC_AnalogWDGConfig
 .text.ADC_Enable
                0x0800a9f0       0xb8 ./Drivers/STM32L1xx_HAL_Driver/Src/stm32l1xx_hal_adc.o
                0x0800a9f0                ADC_Enable
 .text.ADC_ConversionStop_Disable
                0x0800aaa8       0x82 ./Drivers/STM32L1xx_HAL_Driver/Src/stm32l1xx_hal_adc.o
                0x0800aaa8                ADC_ConversionStop_Disable
 .text.HAL_ADCEx_InjectedConvCpltCallback
                0x0800ab2a       0x12 ./Drivers/STM32L1xx_HAL_Driver/Src/stm32l1xx_hal_adc_ex.o
                0x0800ab2a                HAL_ADCEx_InjectedConvCpltCallback
 .text.__NVIC_SetPriorityGrouping
                0x0800ab3c       0x48 ./Drivers/STM32L1xx_HAL_Driver/Src/stm32l1xx_hal_cortex.o
 .text.__NVIC_GetPriorityGrouping
                0x0800ab84       0x1c ./Drivers/STM32L1xx_HAL_Driver/Src/stm32l1xx_hal_cortex.o
 .text.__NVIC_EnableIRQ
                0x0800aba0       0x38 ./Drivers/STM32L1xx_HAL_Driver/Src/stm32l1xx_hal_cortex.o
 .text.__NVIC_DisableIRQ
                0x0800abd8       0x48 ./Drivers/STM32L1xx_HAL_Driver/Src/stm32l1xx_hal_cortex.o
 .text.__NVIC_SetPriority
                0x0800ac20       0x54 ./Drivers/STM32L1xx_HAL_Driver/Src/stm32l1xx_hal_cortex.o
 .text.NVIC_EncodePriority
                0x0800ac74       0x64 ./Drivers/STM32L1xx_HAL_Driver/Src/stm32l1xx_hal_cortex.o
 .text.SysTick_Config
                0x0800acd8       0x44 ./Drivers/STM32L1xx_HAL_Driver/Src/stm32l1xx_hal_cortex.o
 .text.HAL_NVIC_SetPriorityGrouping
                0x0800ad1c       0x16 ./Drivers/STM32L1xx_HAL_Driver/Src/stm32l1xx_hal_cortex.o
                0x0800ad1c                HAL_NVIC_SetPriorityGrouping
 .text.HAL_NVIC_SetPriority
                0x0800ad32       0x38 ./Drivers/STM32L1xx_HAL_Driver/Src/stm32l1xx_hal_cortex.o
                0x0800ad32                HAL_NVIC_SetPriority
 .text.HAL_NVIC_EnableIRQ
                0x0800ad6a       0x1c ./Drivers/STM32L1xx_HAL_Driver/Src/stm32l1xx_hal_cortex.o
                0x0800ad6a                HAL_NVIC_EnableIRQ
 .text.HAL_NVIC_DisableIRQ
                0x0800ad86       0x1c ./Drivers/STM32L1xx_HAL_Driver/Src/stm32l1xx_hal_cortex.o
                0x0800ad86                HAL_NVIC_DisableIRQ
 .text.HAL_SYSTICK_Config
                0x0800ada2       0x18 ./Drivers/STM32L1xx_HAL_Driver/Src/stm32l1xx_hal_cortex.o
                0x0800ada2                HAL_SYSTICK_Config
 .text.HAL_DMA_Abort_IT
                0x0800adba       0x82 ./Drivers/STM32L1xx_HAL_Driver/Src/stm32l1xx_hal_dma.o
                0x0800adba                HAL_DMA_Abort_IT
 .text.HAL_DMA_GetState
                0x0800ae3c       0x1a ./Drivers/STM32L1xx_HAL_Driver/Src/stm32l1xx_hal_dma.o
                0x0800ae3c                HAL_DMA_GetState
 *fill*         0x0800ae56        0x2 
 .text.HAL_GPIO_Init
                0x0800ae58      0x320 ./Drivers/STM32L1xx_HAL_Driver/Src/stm32l1xx_hal_gpio.o
                0x0800ae58                HAL_GPIO_Init
 .text.HAL_GPIO_DeInit
                0x0800b178      0x1e0 ./Drivers/STM32L1xx_HAL_Driver/Src/stm32l1xx_hal_gpio.o
                0x0800b178                HAL_GPIO_DeInit
 .text.HAL_GPIO_WritePin
                0x0800b358       0x30 ./Drivers/STM32L1xx_HAL_Driver/Src/stm32l1xx_hal_gpio.o
                0x0800b358                HAL_GPIO_WritePin
 .text.HAL_I2C_Init
                0x0800b388      0x288 ./Drivers/STM32L1xx_HAL_Driver/Src/stm32l1xx_hal_i2c.o
                0x0800b388                HAL_I2C_Init
 .text.HAL_I2C_DeInit
                0x0800b610       0x5e ./Drivers/STM32L1xx_HAL_Driver/Src/stm32l1xx_hal_i2c.o
                0x0800b610                HAL_I2C_DeInit
 .text.HAL_I2C_MspInit
                0x0800b66e       0x12 ./Drivers/STM32L1xx_HAL_Driver/Src/stm32l1xx_hal_i2c.o
                0x0800b66e                HAL_I2C_MspInit
 .text.HAL_I2C_MspDeInit
                0x0800b680       0x12 ./Drivers/STM32L1xx_HAL_Driver/Src/stm32l1xx_hal_i2c.o
                0x0800b680                HAL_I2C_MspDeInit
 .text.I2C_Flush_DR
                0x0800b692       0x28 ./Drivers/STM32L1xx_HAL_Driver/Src/stm32l1xx_hal_i2c.o
 *fill*         0x0800b6ba        0x2 
 .text.HAL_I2C_Mem_Write
                0x0800b6bc      0x1f4 ./Drivers/STM32L1xx_HAL_Driver/Src/stm32l1xx_hal_i2c.o
                0x0800b6bc                HAL_I2C_Mem_Write
 .text.HAL_I2C_Mem_Read
                0x0800b8b0      0x44c ./Drivers/STM32L1xx_HAL_Driver/Src/stm32l1xx_hal_i2c.o
                0x0800b8b0                HAL_I2C_Mem_Read
 .text.HAL_I2C_EV_IRQHandler
                0x0800bcfc      0x2a6 ./Drivers/STM32L1xx_HAL_Driver/Src/stm32l1xx_hal_i2c.o
                0x0800bcfc                HAL_I2C_EV_IRQHandler
 .text.HAL_I2C_ER_IRQHandler
                0x0800bfa2      0x13e ./Drivers/STM32L1xx_HAL_Driver/Src/stm32l1xx_hal_i2c.o
                0x0800bfa2                HAL_I2C_ER_IRQHandler
 .text.HAL_I2C_MasterTxCpltCallback
                0x0800c0e0       0x12 ./Drivers/STM32L1xx_HAL_Driver/Src/stm32l1xx_hal_i2c.o
                0x0800c0e0                HAL_I2C_MasterTxCpltCallback
 .text.HAL_I2C_MasterRxCpltCallback
                0x0800c0f2       0x12 ./Drivers/STM32L1xx_HAL_Driver/Src/stm32l1xx_hal_i2c.o
                0x0800c0f2                HAL_I2C_MasterRxCpltCallback
 .text.HAL_I2C_SlaveTxCpltCallback
                0x0800c104       0x12 ./Drivers/STM32L1xx_HAL_Driver/Src/stm32l1xx_hal_i2c.o
                0x0800c104                HAL_I2C_SlaveTxCpltCallback
 .text.HAL_I2C_SlaveRxCpltCallback
                0x0800c116       0x12 ./Drivers/STM32L1xx_HAL_Driver/Src/stm32l1xx_hal_i2c.o
                0x0800c116                HAL_I2C_SlaveRxCpltCallback
 .text.HAL_I2C_AddrCallback
                0x0800c128       0x1a ./Drivers/STM32L1xx_HAL_Driver/Src/stm32l1xx_hal_i2c.o
                0x0800c128                HAL_I2C_AddrCallback
 .text.HAL_I2C_ListenCpltCallback
                0x0800c142       0x12 ./Drivers/STM32L1xx_HAL_Driver/Src/stm32l1xx_hal_i2c.o
                0x0800c142                HAL_I2C_ListenCpltCallback
 .text.HAL_I2C_MemTxCpltCallback
                0x0800c154       0x12 ./Drivers/STM32L1xx_HAL_Driver/Src/stm32l1xx_hal_i2c.o
                0x0800c154                HAL_I2C_MemTxCpltCallback
 .text.HAL_I2C_MemRxCpltCallback
                0x0800c166       0x12 ./Drivers/STM32L1xx_HAL_Driver/Src/stm32l1xx_hal_i2c.o
                0x0800c166                HAL_I2C_MemRxCpltCallback
 .text.HAL_I2C_ErrorCallback
                0x0800c178       0x12 ./Drivers/STM32L1xx_HAL_Driver/Src/stm32l1xx_hal_i2c.o
                0x0800c178                HAL_I2C_ErrorCallback
 .text.HAL_I2C_AbortCpltCallback
                0x0800c18a       0x12 ./Drivers/STM32L1xx_HAL_Driver/Src/stm32l1xx_hal_i2c.o
                0x0800c18a                HAL_I2C_AbortCpltCallback
 .text.HAL_I2C_GetState
                0x0800c19c       0x1a ./Drivers/STM32L1xx_HAL_Driver/Src/stm32l1xx_hal_i2c.o
                0x0800c19c                HAL_I2C_GetState
 .text.HAL_I2C_GetError
                0x0800c1b6       0x16 ./Drivers/STM32L1xx_HAL_Driver/Src/stm32l1xx_hal_i2c.o
                0x0800c1b6                HAL_I2C_GetError
 .text.I2C_MasterTransmit_TXE
                0x0800c1cc      0x138 ./Drivers/STM32L1xx_HAL_Driver/Src/stm32l1xx_hal_i2c.o
 .text.I2C_MasterTransmit_BTF
                0x0800c304       0xec ./Drivers/STM32L1xx_HAL_Driver/Src/stm32l1xx_hal_i2c.o
 .text.I2C_MemoryTransmit_TXE_BTF
                0x0800c3f0      0x130 ./Drivers/STM32L1xx_HAL_Driver/Src/stm32l1xx_hal_i2c.o
 .text.I2C_MasterReceive_RXNE
                0x0800c520      0x176 ./Drivers/STM32L1xx_HAL_Driver/Src/stm32l1xx_hal_i2c.o
 .text.I2C_MasterReceive_BTF
                0x0800c696      0x1d4 ./Drivers/STM32L1xx_HAL_Driver/Src/stm32l1xx_hal_i2c.o
 .text.I2C_Master_SB
                0x0800c86a      0x10a ./Drivers/STM32L1xx_HAL_Driver/Src/stm32l1xx_hal_i2c.o
 .text.I2C_Master_ADD10
                0x0800c974       0x52 ./Drivers/STM32L1xx_HAL_Driver/Src/stm32l1xx_hal_i2c.o
 .text.I2C_Master_ADDR
                0x0800c9c6      0x320 ./Drivers/STM32L1xx_HAL_Driver/Src/stm32l1xx_hal_i2c.o
 .text.I2C_SlaveTransmit_TXE
                0x0800cce6       0x7a ./Drivers/STM32L1xx_HAL_Driver/Src/stm32l1xx_hal_i2c.o
 .text.I2C_SlaveTransmit_BTF
                0x0800cd60       0x40 ./Drivers/STM32L1xx_HAL_Driver/Src/stm32l1xx_hal_i2c.o
 .text.I2C_SlaveReceive_RXNE
                0x0800cda0       0x7c ./Drivers/STM32L1xx_HAL_Driver/Src/stm32l1xx_hal_i2c.o
 .text.I2C_SlaveReceive_BTF
                0x0800ce1c       0x42 ./Drivers/STM32L1xx_HAL_Driver/Src/stm32l1xx_hal_i2c.o
 .text.I2C_Slave_ADDR
                0x0800ce5e       0x90 ./Drivers/STM32L1xx_HAL_Driver/Src/stm32l1xx_hal_i2c.o
 *fill*         0x0800ceee        0x2 
 .text.I2C_Slave_STOPF
                0x0800cef0      0x260 ./Drivers/STM32L1xx_HAL_Driver/Src/stm32l1xx_hal_i2c.o
 .text.I2C_Slave_AF
                0x0800d150       0xe8 ./Drivers/STM32L1xx_HAL_Driver/Src/stm32l1xx_hal_i2c.o
 .text.I2C_ITError
                0x0800d238      0x264 ./Drivers/STM32L1xx_HAL_Driver/Src/stm32l1xx_hal_i2c.o
 .text.I2C_RequestMemoryWrite
                0x0800d49c      0x12c ./Drivers/STM32L1xx_HAL_Driver/Src/stm32l1xx_hal_i2c.o
 .text.I2C_RequestMemoryRead
                0x0800d5c8      0x1d0 ./Drivers/STM32L1xx_HAL_Driver/Src/stm32l1xx_hal_i2c.o
 .text.I2C_DMAAbort
                0x0800d798      0x150 ./Drivers/STM32L1xx_HAL_Driver/Src/stm32l1xx_hal_i2c.o
 .text.I2C_WaitOnFlagUntilTimeout
                0x0800d8e8       0xf4 ./Drivers/STM32L1xx_HAL_Driver/Src/stm32l1xx_hal_i2c.o
 .text.I2C_WaitOnMasterAddressFlagUntilTimeout
                0x0800d9dc      0x140 ./Drivers/STM32L1xx_HAL_Driver/Src/stm32l1xx_hal_i2c.o
 .text.I2C_WaitOnTXEFlagUntilTimeout
                0x0800db1c       0x90 ./Drivers/STM32L1xx_HAL_Driver/Src/stm32l1xx_hal_i2c.o
 .text.I2C_WaitOnBTFFlagUntilTimeout
                0x0800dbac       0x90 ./Drivers/STM32L1xx_HAL_Driver/Src/stm32l1xx_hal_i2c.o
 .text.I2C_WaitOnSTOPRequestThroughIT
                0x0800dc3c       0x64 ./Drivers/STM32L1xx_HAL_Driver/Src/stm32l1xx_hal_i2c.o
 .text.I2C_WaitOnRXNEFlagUntilTimeout
                0x0800dca0       0xba ./Drivers/STM32L1xx_HAL_Driver/Src/stm32l1xx_hal_i2c.o
 .text.I2C_IsAcknowledgeFailed
                0x0800dd5a       0x5c ./Drivers/STM32L1xx_HAL_Driver/Src/stm32l1xx_hal_i2c.o
 .text.I2C_ConvertOtherXferOptions
                0x0800ddb6       0x34 ./Drivers/STM32L1xx_HAL_Driver/Src/stm32l1xx_hal_i2c.o
 *fill*         0x0800ddea        0x2 
 .text.HAL_RCC_OscConfig
                0x0800ddec      0x660 ./Drivers/STM32L1xx_HAL_Driver/Src/stm32l1xx_hal_rcc.o
                0x0800ddec                HAL_RCC_OscConfig
 .text.HAL_RCC_ClockConfig
                0x0800e44c      0x268 ./Drivers/STM32L1xx_HAL_Driver/Src/stm32l1xx_hal_rcc.o
                0x0800e44c                HAL_RCC_ClockConfig
 .text.HAL_RCC_GetSysClockFreq
                0x0800e6b4      0x200 ./Drivers/STM32L1xx_HAL_Driver/Src/stm32l1xx_hal_rcc.o
                0x0800e6b4                HAL_RCC_GetSysClockFreq
 .text.HAL_RCC_GetHCLKFreq
                0x0800e8b4       0x14 ./Drivers/STM32L1xx_HAL_Driver/Src/stm32l1xx_hal_rcc.o
                0x0800e8b4                HAL_RCC_GetHCLKFreq
 .text.HAL_RCC_GetPCLK1Freq
                0x0800e8c8       0x28 ./Drivers/STM32L1xx_HAL_Driver/Src/stm32l1xx_hal_rcc.o
                0x0800e8c8                HAL_RCC_GetPCLK1Freq
 .text.HAL_RCC_GetPCLK2Freq
                0x0800e8f0       0x28 ./Drivers/STM32L1xx_HAL_Driver/Src/stm32l1xx_hal_rcc.o
                0x0800e8f0                HAL_RCC_GetPCLK2Freq
 .text.RCC_SetFlashLatencyFromMSIRange
                0x0800e918       0xc0 ./Drivers/STM32L1xx_HAL_Driver/Src/stm32l1xx_hal_rcc.o
 .text.HAL_SPI_Init
                0x0800e9d8      0x112 ./Drivers/STM32L1xx_HAL_Driver/Src/stm32l1xx_hal_spi.o
                0x0800e9d8                HAL_SPI_Init
 .text.HAL_SPI_Transmit
                0x0800eaea      0x286 ./Drivers/STM32L1xx_HAL_Driver/Src/stm32l1xx_hal_spi.o
                0x0800eaea                HAL_SPI_Transmit
 .text.HAL_SPI_IRQHandler
                0x0800ed70      0x1e8 ./Drivers/STM32L1xx_HAL_Driver/Src/stm32l1xx_hal_spi.o
                0x0800ed70                HAL_SPI_IRQHandler
 .text.HAL_SPI_ErrorCallback
                0x0800ef58       0x12 ./Drivers/STM32L1xx_HAL_Driver/Src/stm32l1xx_hal_spi.o
                0x0800ef58                HAL_SPI_ErrorCallback
 .text.SPI_DMAAbortOnError
                0x0800ef6a       0x28 ./Drivers/STM32L1xx_HAL_Driver/Src/stm32l1xx_hal_spi.o
 *fill*         0x0800ef92        0x2 
 .text.SPI_WaitFlagStateUntilTimeout
                0x0800ef94      0x110 ./Drivers/STM32L1xx_HAL_Driver/Src/stm32l1xx_hal_spi.o
 .text.SPI_EndRxTxTransaction
                0x0800f0a4       0x84 ./Drivers/STM32L1xx_HAL_Driver/Src/stm32l1xx_hal_spi.o
 .text.HAL_TIM_Base_Init
                0x0800f128       0x7e ./Drivers/STM32L1xx_HAL_Driver/Src/stm32l1xx_hal_tim.o
                0x0800f128                HAL_TIM_Base_Init
 *fill*         0x0800f1a6        0x2 
 .text.HAL_TIM_Base_Start_IT
                0x0800f1a8       0xa4 ./Drivers/STM32L1xx_HAL_Driver/Src/stm32l1xx_hal_tim.o
                0x0800f1a8                HAL_TIM_Base_Start_IT
 .text.HAL_TIM_PWM_Init
                0x0800f24c       0x7e ./Drivers/STM32L1xx_HAL_Driver/Src/stm32l1xx_hal_tim.o
                0x0800f24c                HAL_TIM_PWM_Init
 .text.HAL_TIM_PWM_MspInit
                0x0800f2ca       0x12 ./Drivers/STM32L1xx_HAL_Driver/Src/stm32l1xx_hal_tim.o
                0x0800f2ca                HAL_TIM_PWM_MspInit
 .text.HAL_TIM_PWM_Start
                0x0800f2dc      0x12c ./Drivers/STM32L1xx_HAL_Driver/Src/stm32l1xx_hal_tim.o
                0x0800f2dc                HAL_TIM_PWM_Start
 .text.HAL_TIM_PWM_Stop
                0x0800f408       0x7a ./Drivers/STM32L1xx_HAL_Driver/Src/stm32l1xx_hal_tim.o
                0x0800f408                HAL_TIM_PWM_Stop
 .text.HAL_TIM_IRQHandler
                0x0800f482      0x1b8 ./Drivers/STM32L1xx_HAL_Driver/Src/stm32l1xx_hal_tim.o
                0x0800f482                HAL_TIM_IRQHandler
 *fill*         0x0800f63a        0x2 
 .text.HAL_TIM_PWM_ConfigChannel
                0x0800f63c      0x184 ./Drivers/STM32L1xx_HAL_Driver/Src/stm32l1xx_hal_tim.o
                0x0800f63c                HAL_TIM_PWM_ConfigChannel
 .text.HAL_TIM_ConfigClockSource
                0x0800f7c0      0x18e ./Drivers/STM32L1xx_HAL_Driver/Src/stm32l1xx_hal_tim.o
                0x0800f7c0                HAL_TIM_ConfigClockSource
 .text.HAL_TIM_PeriodElapsedCallback
                0x0800f94e       0x12 ./Drivers/STM32L1xx_HAL_Driver/Src/stm32l1xx_hal_tim.o
                0x0800f94e                HAL_TIM_PeriodElapsedCallback
 .text.HAL_TIM_OC_DelayElapsedCallback
                0x0800f960       0x12 ./Drivers/STM32L1xx_HAL_Driver/Src/stm32l1xx_hal_tim.o
                0x0800f960                HAL_TIM_OC_DelayElapsedCallback
 .text.HAL_TIM_IC_CaptureCallback
                0x0800f972       0x12 ./Drivers/STM32L1xx_HAL_Driver/Src/stm32l1xx_hal_tim.o
                0x0800f972                HAL_TIM_IC_CaptureCallback
 .text.HAL_TIM_PWM_PulseFinishedCallback
                0x0800f984       0x12 ./Drivers/STM32L1xx_HAL_Driver/Src/stm32l1xx_hal_tim.o
                0x0800f984                HAL_TIM_PWM_PulseFinishedCallback
 .text.HAL_TIM_TriggerCallback
                0x0800f996       0x12 ./Drivers/STM32L1xx_HAL_Driver/Src/stm32l1xx_hal_tim.o
                0x0800f996                HAL_TIM_TriggerCallback
 .text.TIM_Base_SetConfig
                0x0800f9a8       0xe0 ./Drivers/STM32L1xx_HAL_Driver/Src/stm32l1xx_hal_tim.o
 .text.TIM_OC1_SetConfig
                0x0800fa88       0x78 ./Drivers/STM32L1xx_HAL_Driver/Src/stm32l1xx_hal_tim.o
 .text.TIM_OC2_SetConfig
                0x0800fb00       0x7c ./Drivers/STM32L1xx_HAL_Driver/Src/stm32l1xx_hal_tim.o
 .text.TIM_OC3_SetConfig
                0x0800fb7c       0x7a ./Drivers/STM32L1xx_HAL_Driver/Src/stm32l1xx_hal_tim.o
 .text.TIM_OC4_SetConfig
                0x0800fbf6       0x7c ./Drivers/STM32L1xx_HAL_Driver/Src/stm32l1xx_hal_tim.o
 .text.TIM_TI1_ConfigInputStage
                0x0800fc72       0x5c ./Drivers/STM32L1xx_HAL_Driver/Src/stm32l1xx_hal_tim.o
 .text.TIM_TI2_ConfigInputStage
                0x0800fcce       0x5e ./Drivers/STM32L1xx_HAL_Driver/Src/stm32l1xx_hal_tim.o
 .text.TIM_ITRx_SetConfig
                0x0800fd2c       0x34 ./Drivers/STM32L1xx_HAL_Driver/Src/stm32l1xx_hal_tim.o
 .text.TIM_ETR_SetConfig
                0x0800fd60       0x3e ./Drivers/STM32L1xx_HAL_Driver/Src/stm32l1xx_hal_tim.o
 .text.TIM_CCxChannelCmd
                0x0800fd9e       0x48 ./Drivers/STM32L1xx_HAL_Driver/Src/stm32l1xx_hal_tim.o
 *fill*         0x0800fde6        0x2 
 .text.HAL_TIMEx_MasterConfigSynchronization
                0x0800fde8       0xbc ./Drivers/STM32L1xx_HAL_Driver/Src/stm32l1xx_hal_tim_ex.o
                0x0800fde8                HAL_TIMEx_MasterConfigSynchronization
 .text.HAL_UART_Init
                0x0800fea4       0xa0 ./Drivers/STM32L1xx_HAL_Driver/Src/stm32l1xx_hal_uart.o
                0x0800fea4                HAL_UART_Init
 .text.HAL_UART_Transmit
                0x0800ff44      0x106 ./Drivers/STM32L1xx_HAL_Driver/Src/stm32l1xx_hal_uart.o
                0x0800ff44                HAL_UART_Transmit
 .text.UART_WaitOnFlagUntilTimeout
                0x0801004a       0xdc ./Drivers/STM32L1xx_HAL_Driver/Src/stm32l1xx_hal_uart.o
 *fill*         0x08010126        0x2 
 .text.UART_SetConfig
                0x08010128      0x1c8 ./Drivers/STM32L1xx_HAL_Driver/Src/stm32l1xx_hal_uart.o
 .text.__cvt    0x080102f0       0xc8 C:/ST/STM32CubeIDE_1.15.0/STM32CubeIDE/plugins/com.st.stm32cube.ide.mcu.externaltools.gnu-tools-for-stm32.12.3.rel1.win32_1.0.200.202406191623/tools/bin/../lib/gcc/arm-none-eabi/12.3.1/../../../../arm-none-eabi/lib/thumb/v7-m/nofp\libc_nano.a(libc_a-nano-vfprintf_float.o)
                0x080102f0                __cvt
 .text.__exponent
                0x080103b8       0x74 C:/ST/STM32CubeIDE_1.15.0/STM32CubeIDE/plugins/com.st.stm32cube.ide.mcu.externaltools.gnu-tools-for-stm32.12.3.rel1.win32_1.0.200.202406191623/tools/bin/../lib/gcc/arm-none-eabi/12.3.1/../../../../arm-none-eabi/lib/thumb/v7-m/nofp\libc_nano.a(libc_a-nano-vfprintf_float.o)
                0x080103b8                __exponent
 .text._printf_float
                0x0801042c      0x458 C:/ST/STM32CubeIDE_1.15.0/STM32CubeIDE/plugins/com.st.stm32cube.ide.mcu.externaltools.gnu-tools-for-stm32.12.3.rel1.win32_1.0.200.202406191623/tools/bin/../lib/gcc/arm-none-eabi/12.3.1/../../../../arm-none-eabi/lib/thumb/v7-m/nofp\libc_nano.a(libc_a-nano-vfprintf_float.o)
                0x0801042c                _printf_float
 .text._printf_common
                0x08010884       0xe4 C:/ST/STM32CubeIDE_1.15.0/STM32CubeIDE/plugins/com.st.stm32cube.ide.mcu.externaltools.gnu-tools-for-stm32.12.3.rel1.win32_1.0.200.202406191623/tools/bin/../lib/gcc/arm-none-eabi/12.3.1/../../../../arm-none-eabi/lib/thumb/v7-m/nofp\libc_nano.a(libc_a-nano-vfprintf_i.o)
                0x08010884                _printf_common
 .text._printf_i
                0x08010968      0x240 C:/ST/STM32CubeIDE_1.15.0/STM32CubeIDE/plugins/com.st.stm32cube.ide.mcu.externaltools.gnu-tools-for-stm32.12.3.rel1.win32_1.0.200.202406191623/tools/bin/../lib/gcc/arm-none-eabi/12.3.1/../../../../arm-none-eabi/lib/thumb/v7-m/nofp\libc_nano.a(libc_a-nano-vfprintf_i.o)
                0x08010968                _printf_i
 .text.__sflush_r
                0x08010ba8      0x100 C:/ST/STM32CubeIDE_1.15.0/STM32CubeIDE/plugins/com.st.stm32cube.ide.mcu.externaltools.gnu-tools-for-stm32.12.3.rel1.win32_1.0.200.202406191623/tools/bin/../lib/gcc/arm-none-eabi/12.3.1/../../../../arm-none-eabi/lib/thumb/v7-m/nofp\libc_nano.a(libc_a-fflush.o)
                0x08010ba8                __sflush_r
 .text._fflush_r
                0x08010ca8       0x50 C:/ST/STM32CubeIDE_1.15.0/STM32CubeIDE/plugins/com.st.stm32cube.ide.mcu.externaltools.gnu-tools-for-stm32.12.3.rel1.win32_1.0.200.202406191623/tools/bin/../lib/gcc/arm-none-eabi/12.3.1/../../../../arm-none-eabi/lib/thumb/v7-m/nofp\libc_nano.a(libc_a-fflush.o)
                0x08010ca8                _fflush_r
 .text.fflush   0x08010cf8       0x28 C:/ST/STM32CubeIDE_1.15.0/STM32CubeIDE/plugins/com.st.stm32cube.ide.mcu.externaltools.gnu-tools-for-stm32.12.3.rel1.win32_1.0.200.202406191623/tools/bin/../lib/gcc/arm-none-eabi/12.3.1/../../../../arm-none-eabi/lib/thumb/v7-m/nofp\libc_nano.a(libc_a-fflush.o)
                0x08010cf8                fflush
 .text.std      0x08010d20       0x6c C:/ST/STM32CubeIDE_1.15.0/STM32CubeIDE/plugins/com.st.stm32cube.ide.mcu.externaltools.gnu-tools-for-stm32.12.3.rel1.win32_1.0.200.202406191623/tools/bin/../lib/gcc/arm-none-eabi/12.3.1/../../../../arm-none-eabi/lib/thumb/v7-m/nofp\libc_nano.a(libc_a-findfp.o)
 .text.stdio_exit_handler
                0x08010d8c       0x18 C:/ST/STM32CubeIDE_1.15.0/STM32CubeIDE/plugins/com.st.stm32cube.ide.mcu.externaltools.gnu-tools-for-stm32.12.3.rel1.win32_1.0.200.202406191623/tools/bin/../lib/gcc/arm-none-eabi/12.3.1/../../../../arm-none-eabi/lib/thumb/v7-m/nofp\libc_nano.a(libc_a-findfp.o)
 .text.cleanup_stdio
                0x08010da4       0x40 C:/ST/STM32CubeIDE_1.15.0/STM32CubeIDE/plugins/com.st.stm32cube.ide.mcu.externaltools.gnu-tools-for-stm32.12.3.rel1.win32_1.0.200.202406191623/tools/bin/../lib/gcc/arm-none-eabi/12.3.1/../../../../arm-none-eabi/lib/thumb/v7-m/nofp\libc_nano.a(libc_a-findfp.o)
 .text.global_stdio_init.part.0
                0x08010de4       0x3c C:/ST/STM32CubeIDE_1.15.0/STM32CubeIDE/plugins/com.st.stm32cube.ide.mcu.externaltools.gnu-tools-for-stm32.12.3.rel1.win32_1.0.200.202406191623/tools/bin/../lib/gcc/arm-none-eabi/12.3.1/../../../../arm-none-eabi/lib/thumb/v7-m/nofp\libc_nano.a(libc_a-findfp.o)
 .text.__sfp_lock_acquire
                0x08010e20        0xc C:/ST/STM32CubeIDE_1.15.0/STM32CubeIDE/plugins/com.st.stm32cube.ide.mcu.externaltools.gnu-tools-for-stm32.12.3.rel1.win32_1.0.200.202406191623/tools/bin/../lib/gcc/arm-none-eabi/12.3.1/../../../../arm-none-eabi/lib/thumb/v7-m/nofp\libc_nano.a(libc_a-findfp.o)
                0x08010e20                __sfp_lock_acquire
 .text.__sfp_lock_release
                0x08010e2c        0xc C:/ST/STM32CubeIDE_1.15.0/STM32CubeIDE/plugins/com.st.stm32cube.ide.mcu.externaltools.gnu-tools-for-stm32.12.3.rel1.win32_1.0.200.202406191623/tools/bin/../lib/gcc/arm-none-eabi/12.3.1/../../../../arm-none-eabi/lib/thumb/v7-m/nofp\libc_nano.a(libc_a-findfp.o)
                0x08010e2c                __sfp_lock_release
 .text.__sinit  0x08010e38       0x30 C:/ST/STM32CubeIDE_1.15.0/STM32CubeIDE/plugins/com.st.stm32cube.ide.mcu.externaltools.gnu-tools-for-stm32.12.3.rel1.win32_1.0.200.202406191623/tools/bin/../lib/gcc/arm-none-eabi/12.3.1/../../../../arm-none-eabi/lib/thumb/v7-m/nofp\libc_nano.a(libc_a-findfp.o)
                0x08010e38                __sinit
 .text._fwalk_sglue
                0x08010e68       0x3c C:/ST/STM32CubeIDE_1.15.0/STM32CubeIDE/plugins/com.st.stm32cube.ide.mcu.externaltools.gnu-tools-for-stm32.12.3.rel1.win32_1.0.200.202406191623/tools/bin/../lib/gcc/arm-none-eabi/12.3.1/../../../../arm-none-eabi/lib/thumb/v7-m/nofp\libc_nano.a(libc_a-fwalk.o)
                0x08010e68                _fwalk_sglue
 .text.printf   0x08010ea4       0x24 C:/ST/STM32CubeIDE_1.15.0/STM32CubeIDE/plugins/com.st.stm32cube.ide.mcu.externaltools.gnu-tools-for-stm32.12.3.rel1.win32_1.0.200.202406191623/tools/bin/../lib/gcc/arm-none-eabi/12.3.1/../../../../arm-none-eabi/lib/thumb/v7-m/nofp\libc_nano.a(libc_a-printf.o)
                0x08010ea4                iprintf
                0x08010ea4                printf
 .text._puts_r  0x08010ec8       0xaa C:/ST/STM32CubeIDE_1.15.0/STM32CubeIDE/plugins/com.st.stm32cube.ide.mcu.externaltools.gnu-tools-for-stm32.12.3.rel1.win32_1.0.200.202406191623/tools/bin/../lib/gcc/arm-none-eabi/12.3.1/../../../../arm-none-eabi/lib/thumb/v7-m/nofp\libc_nano.a(libc_a-puts.o)
                0x08010ec8                _puts_r
 *fill*         0x08010f72        0x2 
 .text.puts     0x08010f74       0x10 C:/ST/STM32CubeIDE_1.15.0/STM32CubeIDE/plugins/com.st.stm32cube.ide.mcu.externaltools.gnu-tools-for-stm32.12.3.rel1.win32_1.0.200.202406191623/tools/bin/../lib/gcc/arm-none-eabi/12.3.1/../../../../arm-none-eabi/lib/thumb/v7-m/nofp\libc_nano.a(libc_a-puts.o)
                0x08010f74                puts
 .text.snprintf
                0x08010f84       0x68 C:/ST/STM32CubeIDE_1.15.0/STM32CubeIDE/plugins/com.st.stm32cube.ide.mcu.externaltools.gnu-tools-for-stm32.12.3.rel1.win32_1.0.200.202406191623/tools/bin/../lib/gcc/arm-none-eabi/12.3.1/../../../../arm-none-eabi/lib/thumb/v7-m/nofp\libc_nano.a(libc_a-snprintf.o)
                0x08010f84                sniprintf
                0x08010f84                snprintf
 .text.sprintf  0x08010fec       0x40 C:/ST/STM32CubeIDE_1.15.0/STM32CubeIDE/plugins/com.st.stm32cube.ide.mcu.externaltools.gnu-tools-for-stm32.12.3.rel1.win32_1.0.200.202406191623/tools/bin/../lib/gcc/arm-none-eabi/12.3.1/../../../../arm-none-eabi/lib/thumb/v7-m/nofp\libc_nano.a(libc_a-sprintf.o)
                0x08010fec                siprintf
                0x08010fec                sprintf
 .text.__sread  0x0801102c       0x22 C:/ST/STM32CubeIDE_1.15.0/STM32CubeIDE/plugins/com.st.stm32cube.ide.mcu.externaltools.gnu-tools-for-stm32.12.3.rel1.win32_1.0.200.202406191623/tools/bin/../lib/gcc/arm-none-eabi/12.3.1/../../../../arm-none-eabi/lib/thumb/v7-m/nofp\libc_nano.a(libc_a-stdio.o)
                0x0801102c                __sread
 .text.__swrite
                0x0801104e       0x38 C:/ST/STM32CubeIDE_1.15.0/STM32CubeIDE/plugins/com.st.stm32cube.ide.mcu.externaltools.gnu-tools-for-stm32.12.3.rel1.win32_1.0.200.202406191623/tools/bin/../lib/gcc/arm-none-eabi/12.3.1/../../../../arm-none-eabi/lib/thumb/v7-m/nofp\libc_nano.a(libc_a-stdio.o)
                0x0801104e                __swrite
 .text.__sseek  0x08011086       0x24 C:/ST/STM32CubeIDE_1.15.0/STM32CubeIDE/plugins/com.st.stm32cube.ide.mcu.externaltools.gnu-tools-for-stm32.12.3.rel1.win32_1.0.200.202406191623/tools/bin/../lib/gcc/arm-none-eabi/12.3.1/../../../../arm-none-eabi/lib/thumb/v7-m/nofp\libc_nano.a(libc_a-stdio.o)
                0x08011086                __sseek
 .text.__sclose