../Core/Src/main.c:93:6:TIM6_IRQ	8	static
../Core/Src/main.c:102:7:floatToInt	32	static
../Core/Src/main.c:120:6:Affichage_TEMP	32	static
../Core/Src/main.c:130:6:display_temp	24	static
../Core/Src/main.c:145:6:adcFunction	8	static
../Core/Src/main.c:219:6:buzzer	16	static
../Core/Src/main.c:235:5:main	24	static
../Core/Src/main.c:325:6:SystemClock_Config	80	static
../Core/Src/main.c:369:13:MX_ADC_Init	48	static
../Core/Src/main.c:437:13:MX_SPI1_Init	8	static
../Core/Src/main.c:475:13:MX_TIM2_Init	32	static
../Core/Src/main.c:520:13:MX_TIM3_Init	48	static
../Core/Src/main.c:579:13:MX_TIM6_Init	16	static
../Core/Src/main.c:617:13:MX_USART2_UART_Init	8	static
../Core/Src/main.c:650:13:MX_GPIO_Init	48	static
../Core/Src/main.c:690:5:__io_putchar	16	static
../Core/Src/main.c:704:6:Error_Handler	4	static,ignoring_inline_asm
